#
# There is insufficient memory for the Java Runtime Environment to continue.
# Native memory allocation (malloc) failed to allocate 67056 bytes. Error detail: Chunk::new
# Possible reasons:
#   The system is out of physical RAM or swap space
#   This process is running with CompressedOops enabled, and the Java Heap may be blocking the growth of the native heap
# Possible solutions:
#   Reduce memory load on the system
#   Increase physical memory or swap space
#   Check if swap backing store is full
#   Decrease Java heap size (-Xmx/-Xms)
#   Decrease number of Java threads
#   Decrease Java thread stack sizes (-Xss)
#   Set larger code cache with -XX:ReservedCodeCacheSize=
#   JVM is running with Unscaled Compressed Oops mode in which the Java heap is
#     placed in the first 4GB address space. The Java Heap base address is the
#     maximum limit for the native heap growth. Please use -XX:HeapBaseMinAddress
#     to set the Java Heap base and to place the Java Heap above 4GB virtual address.
# This output file may be truncated or incomplete.
#
#  Out of Memory Error (arena.cpp:168), pid=16716, tid=1420
#
# JRE version: OpenJDK Runtime Environment Temurin-21.0.5+11 (21.0.5+11) (build 21.0.5+11-LTS)
# Java VM: OpenJDK 64-Bit Server VM Temurin-21.0.5+11 (21.0.5+11-LTS, mixed mode, sharing, tiered, compressed oops, compressed class ptrs, parallel gc, windows-amd64)
# No core dump will be written. Minidumps are not enabled by default on client versions of Windows
#

---------------  S U M M A R Y ------------

Command Line: --add-modules=ALL-SYSTEM --add-opens=java.base/java.util=ALL-UNNAMED --add-opens=java.base/java.lang=ALL-UNNAMED --add-opens=java.base/sun.nio.fs=ALL-UNNAMED -Declipse.application=org.eclipse.jdt.ls.core.id1 -Dosgi.bundles.defaultStartLevel=4 -Declipse.product=org.eclipse.jdt.ls.core.product -Djava.import.generatesMetadataFilesAtProjectRoot=false -DDetectVMInstallationsJob.disabled=true -Dfile.encoding=utf8 -Xlog:disable -XX:+UseParallelGC -Xmx512m -Djava.net.preferIPv4Stack=true -javaagent:c:\Users\ELCOT\.vscode\extensions\redhat.java-1.55.0-win32-x64\lombok\lombok-1.18.39-4050.jar -XX:+HeapDumpOnOutOfMemoryError -XX:HeapDumpPath=c:\Users\ELCOT\AppData\Roaming\Code\User\workspaceStorage\f02c9adc40307c361029f37c68615d85\redhat.java -Daether.dependencyCollector.impl=bf c:\Users\ELCOT\.vscode\extensions\redhat.java-1.55.0-win32-x64\server\plugins\org.eclipse.equinox.launcher_1.7.200.v20260619-2039.jar -configuration c:\Users\ELCOT\AppData\Roaming\Code\User\globalStorage\redhat.java\1.55.0\config_win -data c:\Users\ELCOT\AppData\Roaming\Code\User\workspaceStorage\f02c9adc40307c361029f37c68615d85\redhat.java\jdt_ws --pipe=\\.\pipe\lsp-8e838fe11bfa0e8c198b103c6816142b-sock

Host: AMD Ryzen 3 7320U with Radeon Graphics         , 8 cores, 7G,  Windows 11 , 64 bit Build 26100 (10.0.26100.8521)
Time: Sun Jul 12 10:11:48 2026 India Standard Time elapsed time: 764.352252 seconds (0d 0h 12m 44s)

---------------  T H R E A D  ---------------

Current thread (0x0000026b2d18edc0):  JavaThread "C2 CompilerThread0" daemon [_thread_in_native, id=1420, stack(0x000000c2c4800000,0x000000c2c4900000) (1024K)]


Current CompileTask:
C2:764352 10793       4       java.lang.reflect.AccessibleObject::verifyAccess (55 bytes)

Stack: [0x000000c2c4800000,0x000000c2c4900000]
Native frames: (J=compiled Java code, j=interpreted, Vv=VM code, C=native code)
V  [jvm.dll+0x6cd4e9]
V  [jvm.dll+0x8a7941]
V  [jvm.dll+0x8a9e6e]
V  [jvm.dll+0x8aa543]
V  [jvm.dll+0x27f6d6]
V  [jvm.dll+0xc500d]
V  [jvm.dll+0xc5543]
V  [jvm.dll+0x3b65d2]
V  [jvm.dll+0x1dfa6b]
V  [jvm.dll+0x247b22]
V  [jvm.dll+0x246faf]
V  [jvm.dll+0x1c75ce]
V  [jvm.dll+0x25682a]
V  [jvm.dll+0x254dca]
V  [jvm.dll+0x3f00d6]
V  [jvm.dll+0x8514fb]
V  [jvm.dll+0x6cbbed]
C  [ucrtbase.dll+0x2cd30]
C  [KERNEL32.DLL+0x2e957]
C  [ntdll.dll+0x87c1c]


---------------  P R O C E S S  ---------------

Threads class SMR info:
_java_thread_list=0x0000026b8ffbae50, length=43, elements={
0x0000026b2d44c620, 0x0000026b2d17e320, 0x0000026b2d184250, 0x0000026b2d188570,
0x0000026b2d18aec0, 0x0000026b2d18d920, 0x0000026b2d18e370, 0x0000026b2d18edc0,
0x0000026b2d1ae9b0, 0x0000026b88510690, 0x0000026b8d03e2e0, 0x0000026b8d774ab0,
0x0000026b8da757d0, 0x0000026b8d709f80, 0x0000026b8d78be90, 0x0000026b8ddff330,
0x0000026b8e02d1c0, 0x0000026b8d327f60, 0x0000026b8d326bb0, 0x0000026b8d325e90,
0x0000026b8d326520, 0x0000026b8d3278d0, 0x0000026b8dddf970, 0x0000026b8dde0690,
0x0000026b8dddec50, 0x0000026b8ddde5c0, 0x0000026b8dddf2e0, 0x0000026b8dddd210,
0x0000026b8dddd8a0, 0x0000026b8dde0000, 0x0000026b8ddddf30, 0x0000026b8e3b0100,
0x0000026b8e3b3580, 0x0000026b8e3b0790, 0x0000026b8e3b14b0, 0x0000026b8e3b21d0,
0x0000026b8e3b2860, 0x0000026b8e3b2ef0, 0x0000026b9087e680, 0x0000026b9087ed10,
0x0000026b9087f3a0, 0x0000026b9beada40, 0x0000026b8facf3f0
}

Java Threads: ( => current thread )
  0x0000026b2d44c620 JavaThread "main"                              [_thread_blocked, id=7696, stack(0x000000c2c3e00000,0x000000c2c3f00000) (1024K)]
  0x0000026b2d17e320 JavaThread "Reference Handler"          daemon [_thread_blocked, id=14112, stack(0x000000c2c4200000,0x000000c2c4300000) (1024K)]
  0x0000026b2d184250 JavaThread "Finalizer"                  daemon [_thread_blocked, id=8876, stack(0x000000c2c4300000,0x000000c2c4400000) (1024K)]
  0x0000026b2d188570 JavaThread "Signal Dispatcher"          daemon [_thread_blocked, id=2948, stack(0x000000c2c4400000,0x000000c2c4500000) (1024K)]
  0x0000026b2d18aec0 JavaThread "Attach Listener"            daemon [_thread_blocked, id=16096, stack(0x000000c2c4500000,0x000000c2c4600000) (1024K)]
  0x0000026b2d18d920 JavaThread "Service Thread"             daemon [_thread_blocked, id=12244, stack(0x000000c2c4600000,0x000000c2c4700000) (1024K)]
  0x0000026b2d18e370 JavaThread "Monitor Deflation Thread"   daemon [_thread_blocked, id=6340, stack(0x000000c2c4700000,0x000000c2c4800000) (1024K)]
=>0x0000026b2d18edc0 JavaThread "C2 CompilerThread0"         daemon [_thread_in_native, id=1420, stack(0x000000c2c4800000,0x000000c2c4900000) (1024K)]
  0x0000026b2d1ae9b0 JavaThread "C1 CompilerThread0"         daemon [_thread_blocked, id=16424, stack(0x000000c2c4900000,0x000000c2c4a00000) (1024K)]
  0x0000026b88510690 JavaThread "Common-Cleaner"             daemon [_thread_blocked, id=9580, stack(0x000000c2c4a00000,0x000000c2c4b00000) (1024K)]
  0x0000026b8d03e2e0 JavaThread "Notification Thread"        daemon [_thread_blocked, id=10480, stack(0x000000c2c4c00000,0x000000c2c4d00000) (1024K)]
  0x0000026b8d774ab0 JavaThread "Active Thread: Equinox Container: 60308d61-71df-4308-8059-f029ad82f1f6"        [_thread_blocked, id=17464, stack(0x000000c2c5200000,0x000000c2c5300000) (1024K)]
  0x0000026b8da757d0 JavaThread "Refresh Thread: Equinox Container: 60308d61-71df-4308-8059-f029ad82f1f6" daemon [_thread_blocked, id=17480, stack(0x000000c2c5400000,0x000000c2c5500000) (1024K)]
  0x0000026b8d709f80 JavaThread "Framework Event Dispatcher: Equinox Container: 60308d61-71df-4308-8059-f029ad82f1f6" daemon [_thread_blocked, id=17488, stack(0x000000c2c5500000,0x000000c2c5600000) (1024K)]
  0x0000026b8d78be90 JavaThread "Start Level: Equinox Container: 60308d61-71df-4308-8059-f029ad82f1f6" daemon [_thread_blocked, id=17496, stack(0x000000c2c5300000,0x000000c2c5400000) (1024K)]
  0x0000026b8ddff330 JavaThread "Bundle File Closer"         daemon [_thread_blocked, id=17528, stack(0x000000c2c5900000,0x000000c2c5a00000) (1024K)]
  0x0000026b8e02d1c0 JavaThread "SCR Component Actor"        daemon [_thread_blocked, id=17820, stack(0x000000c2c5700000,0x000000c2c5800000) (1024K)]
  0x0000026b8d327f60 JavaThread "Worker-JM"                         [_thread_blocked, id=17868, stack(0x000000c2c5a00000,0x000000c2c5b00000) (1024K)]
  0x0000026b8d326bb0 JavaThread "JNA Cleaner"                daemon [_thread_blocked, id=17876, stack(0x000000c2c5800000,0x000000c2c5900000) (1024K)]
  0x0000026b8d325e90 JavaThread "Worker-1"                          [_thread_blocked, id=17884, stack(0x000000c2c5c00000,0x000000c2c5d00000) (1024K)]
  0x0000026b8d326520 JavaThread "Worker-2"                          [_thread_blocked, id=18328, stack(0x000000c2c5e00000,0x000000c2c5f00000) (1024K)]
  0x0000026b8d3278d0 JavaThread "Java indexing"              daemon [_thread_blocked, id=18416, stack(0x000000c2c5f00000,0x000000c2c6000000) (1024K)]
  0x0000026b8dddf970 JavaThread "Thread-1"                   daemon [_thread_in_native, id=2464, stack(0x000000c2c6400000,0x000000c2c6500000) (1024K)]
  0x0000026b8dde0690 JavaThread "Thread-2"                   daemon [_thread_in_native, id=17412, stack(0x000000c2c6500000,0x000000c2c6600000) (1024K)]
  0x0000026b8dddec50 JavaThread "Thread-3"                   daemon [_thread_in_native, id=1820, stack(0x000000c2c6600000,0x000000c2c6700000) (1024K)]
  0x0000026b8ddde5c0 JavaThread "Thread-4"                   daemon [_thread_in_native, id=2972, stack(0x000000c2c6700000,0x000000c2c6800000) (1024K)]
  0x0000026b8dddf2e0 JavaThread "Thread-5"                   daemon [_thread_in_native, id=1988, stack(0x000000c2c6800000,0x000000c2c6900000) (1024K)]
  0x0000026b8dddd210 JavaThread "Thread-6"                   daemon [_thread_in_native, id=9788, stack(0x000000c2c6900000,0x000000c2c6a00000) (1024K)]
  0x0000026b8dddd8a0 JavaThread "Thread-7"                   daemon [_thread_in_native, id=3812, stack(0x000000c2c6a00000,0x000000c2c6b00000) (1024K)]
  0x0000026b8dde0000 JavaThread "Thread-8"                   daemon [_thread_in_native, id=17440, stack(0x000000c2c6b00000,0x000000c2c6c00000) (1024K)]
  0x0000026b8ddddf30 JavaThread "Thread-9"                   daemon [_thread_in_native, id=13464, stack(0x000000c2c6c00000,0x000000c2c6d00000) (1024K)]
  0x0000026b8e3b0100 JavaThread "pool-2-thread-1"                   [_thread_blocked, id=17428, stack(0x000000c2c6d00000,0x000000c2c6e00000) (1024K)]
  0x0000026b8e3b3580 JavaThread "WorkspaceEventsHandler"            [_thread_blocked, id=16620, stack(0x000000c2c6e00000,0x000000c2c6f00000) (1024K)]
  0x0000026b8e3b0790 JavaThread "pool-1-thread-1"                   [_thread_blocked, id=836, stack(0x000000c2c6f00000,0x000000c2c7000000) (1024K)]
  0x0000026b8e3b14b0 JavaThread "PatternSearchJob-worker-2"  daemon [_thread_blocked, id=13812, stack(0x000000c2c7300000,0x000000c2c7400000) (1024K)]
  0x0000026b8e3b21d0 JavaThread "PatternSearchJob-worker-3"  daemon [_thread_blocked, id=2004, stack(0x000000c2c7400000,0x000000c2c7500000) (1024K)]
  0x0000026b8e3b2860 JavaThread "PatternSearchJob-worker-4"  daemon [_thread_blocked, id=9568, stack(0x000000c2c7500000,0x000000c2c7600000) (1024K)]
  0x0000026b8e3b2ef0 JavaThread "PatternSearchJob-worker-5"  daemon [_thread_blocked, id=13564, stack(0x000000c2c7600000,0x000000c2c7700000) (1024K)]
  0x0000026b9087e680 JavaThread "PatternSearchJob-worker-7"  daemon [_thread_blocked, id=8172, stack(0x000000c2c7800000,0x000000c2c7900000) (1024K)]
  0x0000026b9087ed10 JavaThread "ForkJoinPool.commonPool-worker-5" daemon [_thread_in_vm, id=15076, stack(0x000000c2c3b00000,0x000000c2c3c00000) (1024K)]
  0x0000026b9087f3a0 JavaThread "ForkJoinPool.commonPool-worker-6" daemon [_thread_blocked, id=13720, stack(0x000000c2c3c00000,0x000000c2c3d00000) (1024K)]
  0x0000026b9beada40 JavaThread "C2 CompilerThread1"         daemon [_thread_in_native, id=12940, stack(0x000000c2c3d00000,0x000000c2c3e00000) (1024K)]
  0x0000026b8facf3f0 JavaThread "C2 CompilerThread2"         daemon [_thread_in_native, id=3208, stack(0x000000c2c5b00000,0x000000c2c5c00000) (1024K)]
Total: 43

Other Threads:
  0x0000026b2d50e830 VMThread "VM Thread"                           [id=3808, stack(0x000000c2c4100000,0x000000c2c4200000) (1024K)]
  0x0000026b2d09ca00 WatcherThread "VM Periodic Task Thread"        [id=7740, stack(0x000000c2c4000000,0x000000c2c4100000) (1024K)]
  0x0000026b2d46a490 WorkerThread "GC Thread#0"                     [id=688, stack(0x000000c2c3f00000,0x000000c2c4000000) (1024K)]
  0x0000026b887f16a0 WorkerThread "GC Thread#1"                     [id=2784, stack(0x000000c2c4b00000,0x000000c2c4c00000) (1024K)]
  0x0000026b8d85c8f0 WorkerThread "GC Thread#2"                     [id=2676, stack(0x000000c2c4d00000,0x000000c2c4e00000) (1024K)]
  0x0000026b887e0070 WorkerThread "GC Thread#3"                     [id=9084, stack(0x000000c2c4e00000,0x000000c2c4f00000) (1024K)]
  0x0000026b887258a0 WorkerThread "GC Thread#4"                     [id=9808, stack(0x000000c2c4f00000,0x000000c2c5000000) (1024K)]
  0x0000026b8d537b10 WorkerThread "GC Thread#5"                     [id=7552, stack(0x000000c2c5000000,0x000000c2c5100000) (1024K)]
  0x0000026b8d537eb0 WorkerThread "GC Thread#6"                     [id=16776, stack(0x000000c2c5100000,0x000000c2c5200000) (1024K)]
  0x0000026b8d955720 WorkerThread "GC Thread#7"                     [id=17512, stack(0x000000c2c5600000,0x000000c2c5700000) (1024K)]
Total: 10

Threads with active compile tasks:
C2 CompilerThread0  764380 10793       4       java.lang.reflect.AccessibleObject::verifyAccess (55 bytes)
C2 CompilerThread1  764380 10802   !   4       org.eclipse.osgi.internal.weaving.WeavingHookConfigurator::processClass (249 bytes)
C2 CompilerThread2  764380 10792       4       java.lang.reflect.AccessibleObject::checkAccess (40 bytes)
Total: 3

VM state: not at safepoint (normal execution)

VM Mutex/Monitor currently owned by a thread:  ([mutex/lock_event])
[0x00007ffa29f1b300] Metaspace_lock - owner thread: 0x0000026b9087ed10

Heap address: 0x00000000e0000000, size: 512 MB, Compressed Oops mode: 32-bit

CDS archive(s) mapped at: [0x0000026b46000000-0x0000026b46c80000-0x0000026b46c80000), size 13107200, SharedBaseAddress: 0x0000026b46000000, ArchiveRelocationMode: 1.
Compressed class space mapped at: 0x0000026b47000000-0x0000026b87000000, reserved size: 1073741824
Narrow klass base: 0x0000026b46000000, Narrow klass shift: 0, Narrow klass range: 0x100000000

GC Precious Log:
 CardTable entry size: 512
 CPUs: 8 total, 8 available
 Memory: 7379M
 Large Page Support: Disabled
 NUMA Support: Disabled
 Compressed Oops: Enabled (32-bit)
 Alignments: Space 512K, Generation 512K, Heap 2M
 Heap Min Capacity: 8M
 Heap Initial Capacity: 116M
 Heap Max Capacity: 512M
 Pre-touch: Disabled
 Parallel Workers: 8

Heap:
 PSYoungGen      total 140288K, used 68254K [0x00000000f5580000, 0x00000000fe900000, 0x0000000100000000)
  eden space 130560K, 48% used [0x00000000f5580000,0x00000000f9393808,0x00000000fd500000)
  from space 9728K, 48% used [0x00000000fdf80000,0x00000000fe414030,0x00000000fe900000)
  to   space 10240K, 0% used [0x00000000fd500000,0x00000000fd500000,0x00000000fdf00000)
 ParOldGen       total 79360K, used 55909K [0x00000000e0000000, 0x00000000e4d80000, 0x00000000f5580000)
  object space 79360K, 70% used [0x00000000e0000000,0x00000000e3699438,0x00000000e4d80000)
 Metaspace       used 65498K, committed 66880K, reserved 1114112K
  class space    used 6800K, committed 7424K, reserved 1048576K

Card table byte_map: [0x0000026b2cd00000,0x0000026b2ce10000] _byte_map_base: 0x0000026b2c600000

Marking Bits: (ParMarkBitMap*) 0x00007ffa29f22250
 Begin Bits: [0x0000026b44b30000, 0x0000026b45330000)
 End Bits:   [0x0000026b45330000, 0x0000026b45b30000)

Polling page: 0x0000026b2b2e0000

Metaspace:

Usage:
  Non-class:     57.32 MB used.
      Class:      6.64 MB used.
       Both:     63.96 MB used.

Virtual space:
  Non-class space:       64.00 MB reserved,      58.06 MB ( 91%) committed,  1 nodes.
      Class space:        1.00 GB reserved,       7.25 MB ( <1%) committed,  1 nodes.
             Both:        1.06 GB reserved,      65.31 MB (  6%) committed. 

Chunk freelists:
   Non-Class:  4.73 MB
       Class:  8.78 MB
        Both:  13.52 MB

MaxMetaspaceSize: unlimited
CompressedClassSpaceSize: 1.00 GB
Initial GC threshold: 21.00 MB
Current GC threshold: 98.12 MB
CDS: on
 - commit_granule_bytes: 65536.
 - commit_granule_words: 8192.
 - virtual_space_node_default_size: 8388608.
 - enlarge_chunks_in_place: 1.
 - use_allocation_guard: 0.


Internal statistics:

num_allocs_failed_limit: 15.
num_arena_births: 1176.
num_arena_deaths: 14.
num_vsnodes_births: 2.
num_vsnodes_deaths: 0.
num_space_committed: 1045.
num_space_uncommitted: 0.
num_chunks_returned_to_freelist: 29.
num_chunks_taken_from_freelist: 4119.
num_chunk_merges: 16.
num_chunk_splits: 2485.
num_chunks_enlarged: 1314.
num_inconsistent_stats: 0.

CodeHeap 'non-profiled nmethods': size=120000Kb used=5997Kb max_used=5997Kb free=114002Kb
 bounds [0x0000026b3d600000, 0x0000026b3dbe0000, 0x0000026b44b30000]
CodeHeap 'profiled nmethods': size=120000Kb used=20886Kb max_used=20886Kb free=99113Kb
 bounds [0x0000026b35b30000, 0x0000026b36fa0000, 0x0000026b3d060000]
CodeHeap 'non-nmethods': size=5760Kb used=1445Kb max_used=1522Kb free=4315Kb
 bounds [0x0000026b3d060000, 0x0000026b3d2d0000, 0x0000026b3d600000]
 total_blobs=10762 nmethods=10005 adapters=663
 compilation: enabled
              stopped_count=0, restarted_count=0
 full_count=0

Compilation events (20 events):
Event: 764.317 Thread 0x0000026b2d1ae9b0 nmethod 10794 0x0000026b36f8c290 code [0x0000026b36f8c540, 0x0000026b36f8d138]
Event: 764.317 Thread 0x0000026b2d1ae9b0 10795       3       org.eclipse.jdt.internal.compiler.classfmt.ClassFileReader::<init> (31 bytes)
Event: 764.318 Thread 0x0000026b2d1ae9b0 nmethod 10795 0x0000026b36f8d690 code [0x0000026b36f8d840, 0x0000026b36f8da18]
Event: 764.318 Thread 0x0000026b2d18edc0 nmethod 10788 0x0000026b3dbda290 code [0x0000026b3dbda420, 0x0000026b3dbda558]
Event: 764.318 Thread 0x0000026b2d18edc0 10793       4       java.lang.reflect.AccessibleObject::verifyAccess (55 bytes)
Event: 764.323 Thread 0x0000026b2d1ae9b0 10798       3       org.eclipse.jdt.internal.core.util.HashSetOfArray::hashCode (35 bytes)
Event: 764.323 Thread 0x0000026b9beada40 nmethod 10797 0x0000026b3dbda690 code [0x0000026b3dbda820, 0x0000026b3dbdaa38]
Event: 764.323 Thread 0x0000026b9beada40 10789       4       java.lang.reflect.Method::isCallerSensitive (38 bytes)
Event: 764.323 Thread 0x0000026b2d1ae9b0 nmethod 10798 0x0000026b36f8db10 code [0x0000026b36f8dce0, 0x0000026b36f8e020]
Event: 764.323 Thread 0x0000026b2d1ae9b0 10799       3       org.eclipse.jdt.internal.core.util.HashSetOfArray::add (100 bytes)
Event: 764.324 Thread 0x0000026b2d1ae9b0 nmethod 10799 0x0000026b36f8e190 code [0x0000026b36f8e3a0, 0x0000026b36f8ead0]
Event: 764.325 Thread 0x0000026b2d1ae9b0 10801       3       org.eclipse.jdt.internal.core.util.HashSetOfArray::hashCode (8 bytes)
Event: 764.326 Thread 0x0000026b2d1ae9b0 nmethod 10801 0x0000026b36f8ee10 code [0x0000026b36f8efc0, 0x0000026b36f8f100]
Event: 764.326 Thread 0x0000026b2d1ae9b0 10800       3       org.eclipse.jdt.internal.core.JavaElement::getChildren (26 bytes)
Event: 764.326 Thread 0x0000026b9beada40 nmethod 10789 0x0000026b3dbdab90 code [0x0000026b3dbdad40, 0x0000026b3dbdae80]
Event: 764.326 Thread 0x0000026b9beada40 10796       4       org.eclipse.jdt.internal.compiler.classfmt.ClassFileStruct::u4At (69 bytes)
Event: 764.326 Thread 0x0000026b2d1ae9b0 nmethod 10800 0x0000026b36f8f210 code [0x0000026b36f8f420, 0x0000026b36f8fa88]
Event: 764.327 Thread 0x0000026b9beada40 nmethod 10796 0x0000026b3dbdb010 code [0x0000026b3dbdb1a0, 0x0000026b3dbdb2d8]
Event: 764.338 Thread 0x0000026b9beada40 10802   !   4       org.eclipse.osgi.internal.weaving.WeavingHookConfigurator::processClass (249 bytes)
Event: 764.345 Thread 0x0000026b2d1ae9b0 10804       3       org.eclipse.jdt.internal.compiler.util.Util::isClassFileName (82 bytes)

GC Heap History (20 events):
Event: 12.912 GC heap before
{Heap before GC invocations=16 (full 2):
 PSYoungGen      total 37888K, used 30727K [0x00000000f5580000, 0x00000000f9400000, 0x0000000100000000)
  eden space 27648K, 100% used [0x00000000f5580000,0x00000000f7080000,0x00000000f7080000)
  from space 10240K, 30% used [0x00000000f7080000,0x00000000f7381f78,0x00000000f7a80000)
  to   space 9728K, 0% used [0x00000000f8a80000,0x00000000f8a80000,0x00000000f9400000)
 ParOldGen       total 79360K, used 18876K [0x00000000e0000000, 0x00000000e4d80000, 0x00000000f5580000)
  object space 79360K, 23% used [0x00000000e0000000,0x00000000e126f318,0x00000000e4d80000)
 Metaspace       used 41150K, committed 42368K, reserved 1114112K
  class space    used 4228K, committed 4800K, reserved 1048576K
}
Event: 12.917 GC heap after
{Heap after GC invocations=16 (full 2):
 PSYoungGen      total 54272K, used 1824K [0x00000000f5580000, 0x00000000f9400000, 0x0000000100000000)
  eden space 44544K, 0% used [0x00000000f5580000,0x00000000f5580000,0x00000000f8100000)
  from space 9728K, 18% used [0x00000000f8a80000,0x00000000f8c48000,0x00000000f9400000)
  to   space 9728K, 0% used [0x00000000f8100000,0x00000000f8100000,0x00000000f8a80000)
 ParOldGen       total 79360K, used 20295K [0x00000000e0000000, 0x00000000e4d80000, 0x00000000f5580000)
  object space 79360K, 25% used [0x00000000e0000000,0x00000000e13d1d68,0x00000000e4d80000)
 Metaspace       used 41150K, committed 42368K, reserved 1114112K
  class space    used 4228K, committed 4800K, reserved 1048576K
}
Event: 14.029 GC heap before
{Heap before GC invocations=17 (full 2):
 PSYoungGen      total 54272K, used 46307K [0x00000000f5580000, 0x00000000f9400000, 0x0000000100000000)
  eden space 44544K, 99% used [0x00000000f5580000,0x00000000f80f0cf8,0x00000000f8100000)
  from space 9728K, 18% used [0x00000000f8a80000,0x00000000f8c48000,0x00000000f9400000)
  to   space 9728K, 0% used [0x00000000f8100000,0x00000000f8100000,0x00000000f8a80000)
 ParOldGen       total 79360K, used 20295K [0x00000000e0000000, 0x00000000e4d80000, 0x00000000f5580000)
  object space 79360K, 25% used [0x00000000e0000000,0x00000000e13d1d68,0x00000000e4d80000)
 Metaspace       used 47003K, committed 48256K, reserved 1114112K
  class space    used 4916K, committed 5440K, reserved 1048576K
}
Event: 14.034 GC heap after
{Heap after GC invocations=17 (full 2):
 PSYoungGen      total 54272K, used 2858K [0x00000000f5580000, 0x00000000fad80000, 0x0000000100000000)
  eden space 44544K, 0% used [0x00000000f5580000,0x00000000f5580000,0x00000000f8100000)
  from space 9728K, 29% used [0x00000000f8100000,0x00000000f83cab78,0x00000000f8a80000)
  to   space 9216K, 0% used [0x00000000fa480000,0x00000000fa480000,0x00000000fad80000)
 ParOldGen       total 79360K, used 21911K [0x00000000e0000000, 0x00000000e4d80000, 0x00000000f5580000)
  object space 79360K, 27% used [0x00000000e0000000,0x00000000e1565d68,0x00000000e4d80000)
 Metaspace       used 47003K, committed 48256K, reserved 1114112K
  class space    used 4916K, committed 5440K, reserved 1048576K
}
Event: 15.492 GC heap before
{Heap before GC invocations=18 (full 2):
 PSYoungGen      total 54272K, used 47402K [0x00000000f5580000, 0x00000000fad80000, 0x0000000100000000)
  eden space 44544K, 100% used [0x00000000f5580000,0x00000000f8100000,0x00000000f8100000)
  from space 9728K, 29% used [0x00000000f8100000,0x00000000f83cab78,0x00000000f8a80000)
  to   space 9216K, 0% used [0x00000000fa480000,0x00000000fa480000,0x00000000fad80000)
 ParOldGen       total 79360K, used 21911K [0x00000000e0000000, 0x00000000e4d80000, 0x00000000f5580000)
  object space 79360K, 27% used [0x00000000e0000000,0x00000000e1565d68,0x00000000e4d80000)
 Metaspace       used 50233K, committed 51520K, reserved 1114112K
  class space    used 5342K, committed 5952K, reserved 1048576K
}
Event: 15.502 GC heap after
{Heap after GC invocations=18 (full 2):
 PSYoungGen      total 77824K, used 9207K [0x00000000f5580000, 0x00000000fb380000, 0x0000000100000000)
  eden space 68608K, 0% used [0x00000000f5580000,0x00000000f5580000,0x00000000f9880000)
  from space 9216K, 99% used [0x00000000fa480000,0x00000000fad7df40,0x00000000fad80000)
  to   space 12288K, 0% used [0x00000000f9880000,0x00000000f9880000,0x00000000fa480000)
 ParOldGen       total 79360K, used 25738K [0x00000000e0000000, 0x00000000e4d80000, 0x00000000f5580000)
  object space 79360K, 32% used [0x00000000e0000000,0x00000000e1922800,0x00000000e4d80000)
 Metaspace       used 50233K, committed 51520K, reserved 1114112K
  class space    used 5342K, committed 5952K, reserved 1048576K
}
Event: 18.055 GC heap before
{Heap before GC invocations=19 (full 2):
 PSYoungGen      total 77824K, used 77815K [0x00000000f5580000, 0x00000000fb380000, 0x0000000100000000)
  eden space 68608K, 100% used [0x00000000f5580000,0x00000000f9880000,0x00000000f9880000)
  from space 9216K, 99% used [0x00000000fa480000,0x00000000fad7df40,0x00000000fad80000)
  to   space 12288K, 0% used [0x00000000f9880000,0x00000000f9880000,0x00000000fa480000)
 ParOldGen       total 79360K, used 25738K [0x00000000e0000000, 0x00000000e4d80000, 0x00000000f5580000)
  object space 79360K, 32% used [0x00000000e0000000,0x00000000e1922800,0x00000000e4d80000)
 Metaspace       used 54946K, committed 56192K, reserved 1114112K
  class space    used 5811K, committed 6336K, reserved 1048576K
}
Event: 18.065 GC heap after
{Heap after GC invocations=19 (full 2):
 PSYoungGen      total 71168K, used 4148K [0x00000000f5580000, 0x00000000fad80000, 0x0000000100000000)
  eden space 66560K, 0% used [0x00000000f5580000,0x00000000f5580000,0x00000000f9680000)
  from space 4608K, 90% used [0x00000000f9880000,0x00000000f9c8d080,0x00000000f9d00000)
  to   space 11776K, 0% used [0x00000000fa200000,0x00000000fa200000,0x00000000fad80000)
 ParOldGen       total 79360K, used 34894K [0x00000000e0000000, 0x00000000e4d80000, 0x00000000f5580000)
  object space 79360K, 43% used [0x00000000e0000000,0x00000000e2213980,0x00000000e4d80000)
 Metaspace       used 54946K, committed 56192K, reserved 1114112K
  class space    used 5811K, committed 6336K, reserved 1048576K
}
Event: 18.410 GC heap before
{Heap before GC invocations=20 (full 2):
 PSYoungGen      total 71168K, used 70708K [0x00000000f5580000, 0x00000000fad80000, 0x0000000100000000)
  eden space 66560K, 100% used [0x00000000f5580000,0x00000000f9680000,0x00000000f9680000)
  from space 4608K, 90% used [0x00000000f9880000,0x00000000f9c8d080,0x00000000f9d00000)
  to   space 11776K, 0% used [0x00000000fa200000,0x00000000fa200000,0x00000000fad80000)
 ParOldGen       total 79360K, used 34894K [0x00000000e0000000, 0x00000000e4d80000, 0x00000000f5580000)
  object space 79360K, 43% used [0x00000000e0000000,0x00000000e2213980,0x00000000e4d80000)
 Metaspace       used 55319K, committed 56576K, reserved 1114112K
  class space    used 5864K, committed 6400K, reserved 1048576K
}
Event: 18.419 GC heap after
{Heap after GC invocations=20 (full 2):
 PSYoungGen      total 78336K, used 6468K [0x00000000f5580000, 0x00000000fc780000, 0x0000000100000000)
  eden space 66560K, 0% used [0x00000000f5580000,0x00000000f5580000,0x00000000f9680000)
  from space 11776K, 54% used [0x00000000fa200000,0x00000000fa851060,0x00000000fad80000)
  to   space 11776K, 0% used [0x00000000f9680000,0x00000000f9680000,0x00000000fa200000)
 ParOldGen       total 79360K, used 38773K [0x00000000e0000000, 0x00000000e4d80000, 0x00000000f5580000)
  object space 79360K, 48% used [0x00000000e0000000,0x00000000e25dd730,0x00000000e4d80000)
 Metaspace       used 55319K, committed 56576K, reserved 1114112K
  class space    used 5864K, committed 6400K, reserved 1048576K
}
Event: 18.841 GC heap before
{Heap before GC invocations=21 (full 2):
 PSYoungGen      total 78336K, used 73028K [0x00000000f5580000, 0x00000000fc780000, 0x0000000100000000)
  eden space 66560K, 100% used [0x00000000f5580000,0x00000000f9680000,0x00000000f9680000)
  from space 11776K, 54% used [0x00000000fa200000,0x00000000fa851060,0x00000000fad80000)
  to   space 11776K, 0% used [0x00000000f9680000,0x00000000f9680000,0x00000000fa200000)
 ParOldGen       total 79360K, used 38773K [0x00000000e0000000, 0x00000000e4d80000, 0x00000000f5580000)
  object space 79360K, 48% used [0x00000000e0000000,0x00000000e25dd730,0x00000000e4d80000)
 Metaspace       used 56010K, committed 57344K, reserved 1114112K
  class space    used 5921K, committed 6464K, reserved 1048576K
}
Event: 18.855 GC heap after
{Heap after GC invocations=21 (full 2):
 PSYoungGen      total 78336K, used 5938K [0x00000000f5580000, 0x00000000fc680000, 0x0000000100000000)
  eden space 66560K, 0% used [0x00000000f5580000,0x00000000f5580000,0x00000000f9680000)
  from space 11776K, 50% used [0x00000000f9680000,0x00000000f9c4cbf8,0x00000000fa200000)
  to   space 11264K, 0% used [0x00000000fbb80000,0x00000000fbb80000,0x00000000fc680000)
 ParOldGen       total 79360K, used 45029K [0x00000000e0000000, 0x00000000e4d80000, 0x00000000f5580000)
  object space 79360K, 56% used [0x00000000e0000000,0x00000000e2bf9460,0x00000000e4d80000)
 Metaspace       used 56010K, committed 57344K, reserved 1114112K
  class space    used 5921K, committed 6464K, reserved 1048576K
}
Event: 20.282 GC heap before
{Heap before GC invocations=22 (full 2):
 PSYoungGen      total 78336K, used 63767K [0x00000000f5580000, 0x00000000fc680000, 0x0000000100000000)
  eden space 66560K, 86% used [0x00000000f5580000,0x00000000f8df9180,0x00000000f9680000)
  from space 11776K, 50% used [0x00000000f9680000,0x00000000f9c4cbf8,0x00000000fa200000)
  to   space 11264K, 0% used [0x00000000fbb80000,0x00000000fbb80000,0x00000000fc680000)
 ParOldGen       total 79360K, used 45029K [0x00000000e0000000, 0x00000000e4d80000, 0x00000000f5580000)
  object space 79360K, 56% used [0x00000000e0000000,0x00000000e2bf9460,0x00000000e4d80000)
 Metaspace       used 59007K, committed 60288K, reserved 1114112K
  class space    used 6282K, committed 6848K, reserved 1048576K
}
Event: 20.295 GC heap after
{Heap after GC invocations=22 (full 2):
 PSYoungGen      total 103424K, used 4316K [0x00000000f5580000, 0x00000000fc580000, 0x0000000100000000)
  eden space 93184K, 0% used [0x00000000f5580000,0x00000000f5580000,0x00000000fb080000)
  from space 10240K, 42% used [0x00000000fbb80000,0x00000000fbfb7280,0x00000000fc580000)
  to   space 10752K, 0% used [0x00000000fb080000,0x00000000fb080000,0x00000000fbb00000)
 ParOldGen       total 79360K, used 50534K [0x00000000e0000000, 0x00000000e4d80000, 0x00000000f5580000)
  object space 79360K, 63% used [0x00000000e0000000,0x00000000e3159908,0x00000000e4d80000)
 Metaspace       used 59007K, committed 60288K, reserved 1114112K
  class space    used 6282K, committed 6848K, reserved 1048576K
}
Event: 20.295 GC heap before
{Heap before GC invocations=23 (full 3):
 PSYoungGen      total 103424K, used 4316K [0x00000000f5580000, 0x00000000fc580000, 0x0000000100000000)
  eden space 93184K, 0% used [0x00000000f5580000,0x00000000f5580000,0x00000000fb080000)
  from space 10240K, 42% used [0x00000000fbb80000,0x00000000fbfb7280,0x00000000fc580000)
  to   space 10752K, 0% used [0x00000000fb080000,0x00000000fb080000,0x00000000fbb00000)
 ParOldGen       total 79360K, used 50534K [0x00000000e0000000, 0x00000000e4d80000, 0x00000000f5580000)
  object space 79360K, 63% used [0x00000000e0000000,0x00000000e3159908,0x00000000e4d80000)
 Metaspace       used 59007K, committed 60288K, reserved 1114112K
  class space    used 6282K, committed 6848K, reserved 1048576K
}
Event: 20.403 GC heap after
{Heap after GC invocations=23 (full 3):
 PSYoungGen      total 103424K, used 0K [0x00000000f5580000, 0x00000000fc580000, 0x0000000100000000)
  eden space 93184K, 0% used [0x00000000f5580000,0x00000000f5580000,0x00000000fb080000)
  from space 10240K, 0% used [0x00000000fbb80000,0x00000000fbb80000,0x00000000fc580000)
  to   space 10752K, 0% used [0x00000000fb080000,0x00000000fb080000,0x00000000fbb00000)
 ParOldGen       total 79360K, used 52907K [0x00000000e0000000, 0x00000000e4d80000, 0x00000000f5580000)
  object space 79360K, 66% used [0x00000000e0000000,0x00000000e33aacd8,0x00000000e4d80000)
 Metaspace       used 59007K, committed 60288K, reserved 1114112K
  class space    used 6282K, committed 6848K, reserved 1048576K
}
Event: 21.597 GC heap before
{Heap before GC invocations=24 (full 3):
 PSYoungGen      total 103424K, used 93184K [0x00000000f5580000, 0x00000000fc580000, 0x0000000100000000)
  eden space 93184K, 100% used [0x00000000f5580000,0x00000000fb080000,0x00000000fb080000)
  from space 10240K, 0% used [0x00000000fbb80000,0x00000000fbb80000,0x00000000fc580000)
  to   space 10752K, 0% used [0x00000000fb080000,0x00000000fb080000,0x00000000fbb00000)
 ParOldGen       total 79360K, used 52907K [0x00000000e0000000, 0x00000000e4d80000, 0x00000000f5580000)
  object space 79360K, 66% used [0x00000000e0000000,0x00000000e33aacd8,0x00000000e4d80000)
 Metaspace       used 62857K, committed 64192K, reserved 1114112K
  class space    used 6605K, committed 7168K, reserved 1048576K
}
Event: 21.601 GC heap after
{Heap after GC invocations=24 (full 3):
 PSYoungGen      total 103936K, used 3136K [0x00000000f5580000, 0x00000000fea00000, 0x0000000100000000)
  eden space 93184K, 0% used [0x00000000f5580000,0x00000000f5580000,0x00000000fb080000)
  from space 10752K, 29% used [0x00000000fb080000,0x00000000fb390000,0x00000000fbb00000)
  to   space 10752K, 0% used [0x00000000fdf80000,0x00000000fdf80000,0x00000000fea00000)
 ParOldGen       total 79360K, used 52915K [0x00000000e0000000, 0x00000000e4d80000, 0x00000000f5580000)
  object space 79360K, 66% used [0x00000000e0000000,0x00000000e33accd8,0x00000000e4d80000)
 Metaspace       used 62857K, committed 64192K, reserved 1114112K
  class space    used 6605K, committed 7168K, reserved 1048576K
}
Event: 22.362 GC heap before
{Heap before GC invocations=25 (full 3):
 PSYoungGen      total 103936K, used 96320K [0x00000000f5580000, 0x00000000fea00000, 0x0000000100000000)
  eden space 93184K, 100% used [0x00000000f5580000,0x00000000fb080000,0x00000000fb080000)
  from space 10752K, 29% used [0x00000000fb080000,0x00000000fb390000,0x00000000fbb00000)
  to   space 10752K, 0% used [0x00000000fdf80000,0x00000000fdf80000,0x00000000fea00000)
 ParOldGen       total 79360K, used 52915K [0x00000000e0000000, 0x00000000e4d80000, 0x00000000f5580000)
  object space 79360K, 66% used [0x00000000e0000000,0x00000000e33accd8,0x00000000e4d80000)
 Metaspace       used 64005K, committed 65344K, reserved 1114112K
  class space    used 6691K, committed 7232K, reserved 1048576K
}
Event: 22.372 GC heap after
{Heap after GC invocations=25 (full 3):
 PSYoungGen      total 140288K, used 4688K [0x00000000f5580000, 0x00000000fe900000, 0x0000000100000000)
  eden space 130560K, 0% used [0x00000000f5580000,0x00000000f5580000,0x00000000fd500000)
  from space 9728K, 48% used [0x00000000fdf80000,0x00000000fe414030,0x00000000fe900000)
  to   space 10240K, 0% used [0x00000000fd500000,0x00000000fd500000,0x00000000fdf00000)
 ParOldGen       total 79360K, used 55909K [0x00000000e0000000, 0x00000000e4d80000, 0x00000000f5580000)
  object space 79360K, 70% used [0x00000000e0000000,0x00000000e3699438,0x00000000e4d80000)
 Metaspace       used 64005K, committed 65344K, reserved 1114112K
  class space    used 6691K, committed 7232K, reserved 1048576K
}

Dll operation events (13 events):
Event: 0.017 Loaded shared library C:\Program Files\Eclipse Adoptium\jdk-21.0.5.11-hotspot\bin\java.dll
Event: 0.072 Loaded shared library C:\Program Files\Eclipse Adoptium\jdk-21.0.5.11-hotspot\bin\jsvml.dll
Event: 0.163 Loaded shared library C:\Program Files\Eclipse Adoptium\jdk-21.0.5.11-hotspot\bin\zip.dll
Event: 0.168 Loaded shared library C:\Program Files\Eclipse Adoptium\jdk-21.0.5.11-hotspot\bin\instrument.dll
Event: 0.175 Loaded shared library C:\Program Files\Eclipse Adoptium\jdk-21.0.5.11-hotspot\bin\net.dll
Event: 0.178 Loaded shared library C:\Program Files\Eclipse Adoptium\jdk-21.0.5.11-hotspot\bin\nio.dll
Event: 0.181 Loaded shared library C:\Program Files\Eclipse Adoptium\jdk-21.0.5.11-hotspot\bin\zip.dll
Event: 0.203 Loaded shared library C:\Program Files\Eclipse Adoptium\jdk-21.0.5.11-hotspot\bin\jimage.dll
Event: 0.314 Loaded shared library C:\Program Files\Eclipse Adoptium\jdk-21.0.5.11-hotspot\bin\verify.dll
Event: 3.234 Loaded shared library C:\Users\ELCOT\AppData\Roaming\Code\User\globalStorage\redhat.java\1.55.0\config_win\org.eclipse.equinox.launcher\org.eclipse.equinox.launcher.win32.win32.x86_64_1.3.100.v20260613-0559\eclipse_11924.dll
Event: 7.905 Loaded shared library C:\Users\ELCOT\AppData\Local\Temp\jna-66053985\jna16189034054676032754.dll
Event: 11.806 Loaded shared library C:\Program Files\Eclipse Adoptium\jdk-21.0.5.11-hotspot\bin\sunmscapi.dll
Event: 13.446 Loaded shared library C:\Program Files\Eclipse Adoptium\jdk-21.0.5.11-hotspot\bin\extnet.dll

Deoptimization events (20 events):
Event: 764.341 Thread 0x0000026b9087ed10 Uncommon trap: trap_request=0xffffff45 fr.pc=0x0000026b3d99be5c relative=0x000000000000243c
Event: 764.343 Thread 0x0000026b9087ed10 Uncommon trap: reason=unstable_if action=reinterpret pc=0x0000026b3d99be5c method=org.eclipse.jdt.internal.core.JarPackageFragmentRoot.initRawPackageInfo(Ljava/util/Map;Ljava/lang/String;Ljava/lang/String;ZLjava/lang/String;)V @ 25 c2
Event: 764.344 Thread 0x0000026b9087ed10 DEOPT PACKING pc=0x0000026b3d99be5c sp=0x000000c2c3bfe340
Event: 764.344 Thread 0x0000026b9087ed10 DEOPT UNPACKING pc=0x0000026b3d0b3aa2 sp=0x000000c2c3bfe328 mode 2
Event: 764.344 Thread 0x0000026b9087ed10 Uncommon trap: trap_request=0xffffffc6 fr.pc=0x0000026b3d99f388 relative=0x0000000000000b08
Event: 764.344 Thread 0x0000026b9087ed10 Uncommon trap: reason=bimorphic_or_optimized_type_check action=maybe_recompile pc=0x0000026b3d99f388 method=java.util.ArrayList.equalsRange(Ljava/util/List;II)Z @ 71 c2
Event: 764.344 Thread 0x0000026b9087ed10 DEOPT PACKING pc=0x0000026b3d99f388 sp=0x000000c2c3bfe280
Event: 764.344 Thread 0x0000026b9087ed10 DEOPT UNPACKING pc=0x0000026b3d0b3aa2 sp=0x000000c2c3bfe210 mode 2
Event: 764.344 Thread 0x0000026b9087ed10 Uncommon trap: trap_request=0xffffffc6 fr.pc=0x0000026b3d99f388 relative=0x0000000000000b08
Event: 764.344 Thread 0x0000026b9087ed10 Uncommon trap: reason=bimorphic_or_optimized_type_check action=maybe_recompile pc=0x0000026b3d99f388 method=java.util.ArrayList.equalsRange(Ljava/util/List;II)Z @ 71 c2
Event: 764.345 Thread 0x0000026b9087ed10 DEOPT PACKING pc=0x0000026b3d99f388 sp=0x000000c2c3bfe290
Event: 764.345 Thread 0x0000026b9087ed10 DEOPT UNPACKING pc=0x0000026b3d0b3aa2 sp=0x000000c2c3bfe220 mode 2
Event: 764.345 Thread 0x0000026b9087ed10 Uncommon trap: trap_request=0xffffffc6 fr.pc=0x0000026b3d99f388 relative=0x0000000000000b08
Event: 764.345 Thread 0x0000026b9087ed10 Uncommon trap: reason=bimorphic_or_optimized_type_check action=maybe_recompile pc=0x0000026b3d99f388 method=java.util.ArrayList.equalsRange(Ljava/util/List;II)Z @ 71 c2
Event: 764.345 Thread 0x0000026b9087ed10 DEOPT PACKING pc=0x0000026b3d99f388 sp=0x000000c2c3bfe290
Event: 764.345 Thread 0x0000026b9087ed10 DEOPT UNPACKING pc=0x0000026b3d0b3aa2 sp=0x000000c2c3bfe220 mode 2
Event: 764.345 Thread 0x0000026b9087ed10 Uncommon trap: trap_request=0xffffffc6 fr.pc=0x0000026b3d99f388 relative=0x0000000000000b08
Event: 764.345 Thread 0x0000026b9087ed10 Uncommon trap: reason=bimorphic_or_optimized_type_check action=maybe_recompile pc=0x0000026b3d99f388 method=java.util.ArrayList.equalsRange(Ljava/util/List;II)Z @ 71 c2
Event: 764.345 Thread 0x0000026b9087ed10 DEOPT PACKING pc=0x0000026b3d99f388 sp=0x000000c2c3bfe290
Event: 764.345 Thread 0x0000026b9087ed10 DEOPT UNPACKING pc=0x0000026b3d0b3aa2 sp=0x000000c2c3bfe220 mode 2

Classes loaded (20 events):
Event: 32.813 Loading class sun/util/resources/OpenListResourceBundle
Event: 32.813 Loading class sun/util/resources/OpenListResourceBundle done
Event: 32.813 Loading class sun/util/resources/TimeZoneNamesBundle done
Event: 32.813 Loading class sun/util/resources/cldr/TimeZoneNames done
Event: 32.814 Loading class sun/util/resources/cldr/TimeZoneNames_en
Event: 32.819 Loading class sun/util/resources/cldr/TimeZoneNames_en done
Event: 32.819 Loading class sun/util/resources/cldr/TimeZoneNames_en_US
Event: 32.819 Loading class sun/util/resources/cldr/TimeZoneNames_en_US done
Event: 32.822 Loading class sun/util/cldr/CLDRBaseLocaleDataMetaInfo$TZCanonicalIDMapHolder
Event: 32.824 Loading class sun/util/cldr/CLDRBaseLocaleDataMetaInfo$TZCanonicalIDMapHolder done
Event: 32.827 Loading class sun/util/resources/TimeZoneNames
Event: 32.829 Loading class sun/util/resources/TimeZoneNames done
Event: 32.829 Loading class sun/util/resources/TimeZoneNames_en
Event: 32.830 Loading class sun/util/resources/TimeZoneNames_en done
Event: 59.054 Loading class java/util/stream/DistinctOps
Event: 59.055 Loading class java/util/stream/DistinctOps done
Event: 59.055 Loading class java/util/stream/DistinctOps$1
Event: 59.056 Loading class java/util/stream/DistinctOps$1 done
Event: 59.057 Loading class java/util/stream/DistinctOps$1$2
Event: 59.057 Loading class java/util/stream/DistinctOps$1$2 done

Classes unloaded (7 events):
Event: 9.255 Thread 0x0000026b2d50e830 Unloading class 0x0000026b471b4800 'java/lang/invoke/LambdaForm$MH+0x0000026b471b4800'
Event: 9.255 Thread 0x0000026b2d50e830 Unloading class 0x0000026b471b4400 'java/lang/invoke/LambdaForm$MH+0x0000026b471b4400'
Event: 9.255 Thread 0x0000026b2d50e830 Unloading class 0x0000026b471b4000 'java/lang/invoke/LambdaForm$MH+0x0000026b471b4000'
Event: 9.255 Thread 0x0000026b2d50e830 Unloading class 0x0000026b471b3c00 'java/lang/invoke/LambdaForm$MH+0x0000026b471b3c00'
Event: 9.255 Thread 0x0000026b2d50e830 Unloading class 0x0000026b471b3800 'java/lang/invoke/LambdaForm$BMH+0x0000026b471b3800'
Event: 9.255 Thread 0x0000026b2d50e830 Unloading class 0x0000026b471b3400 'java/lang/invoke/LambdaForm$DMH+0x0000026b471b3400'
Event: 9.255 Thread 0x0000026b2d50e830 Unloading class 0x0000026b471b2000 'java/lang/invoke/LambdaForm$DMH+0x0000026b471b2000'

Classes redefined (0 events):
No events

Internal exceptions (20 events):
Event: 17.548 Thread 0x0000026b9087f3a0 Exception <a 'java/io/FileNotFoundException'{0x00000000f7cd1dc0}> (0x00000000f7cd1dc0) 
thrown [s\src\hotspot\share\prims\jni.cpp, line 520]
Event: 17.549 Thread 0x0000026b9087f3a0 Exception <a 'java/io/FileNotFoundException'{0x00000000f7cd2dc8}> (0x00000000f7cd2dc8) 
thrown [s\src\hotspot\share\prims\jni.cpp, line 520]
Event: 17.573 Thread 0x0000026b9087f3a0 Exception <a 'sun/nio/fs/WindowsException'{0x00000000f7f07100}> (0x00000000f7f07100) 
thrown [s\src\hotspot\share\prims\jni.cpp, line 520]
Event: 17.574 Thread 0x0000026b9087f3a0 Exception <a 'sun/nio/fs/WindowsException'{0x00000000f7f07ae8}> (0x00000000f7f07ae8) 
thrown [s\src\hotspot\share\prims\jni.cpp, line 520]
Event: 17.574 Thread 0x0000026b9087f3a0 Exception <a 'sun/nio/fs/WindowsException'{0x00000000f7f08d98}> (0x00000000f7f08d98) 
thrown [s\src\hotspot\share\prims\jni.cpp, line 520]
Event: 17.574 Thread 0x0000026b9087f3a0 Exception <a 'sun/nio/fs/WindowsException'{0x00000000f7f09760}> (0x00000000f7f09760) 
thrown [s\src\hotspot\share\prims\jni.cpp, line 520]
Event: 17.622 Thread 0x0000026b9087d960 Exception <a 'java/lang/NoSuchMethodError'{0x00000000f80af5c0}: 'java.lang.Object java.lang.invoke.DelegatingMethodHandle$Holder.reinvoke_L(java.lang.Object, int, long, java.lang.Object, java.lang.Object, int, java.lang.Object)'> (0x00000000f80af5c0) 
thrown [s\src\hotspot\share\interpreter\linkResolver.cpp, line 773]
Event: 18.731 Thread 0x0000026b9087f3a0 Exception <a 'java/io/FileNotFoundException'{0x00000000f9026260}> (0x00000000f9026260) 
thrown [s\src\hotspot\share\prims\jni.cpp, line 520]
Event: 18.732 Thread 0x0000026b9087f3a0 Exception <a 'java/io/FileNotFoundException'{0x00000000f9027290}> (0x00000000f9027290) 
thrown [s\src\hotspot\share\prims\jni.cpp, line 520]
Event: 18.741 Thread 0x0000026b9087f3a0 Exception <a 'sun/nio/fs/WindowsException'{0x00000000f920e6a0}> (0x00000000f920e6a0) 
thrown [s\src\hotspot\share\prims\jni.cpp, line 520]
Event: 18.741 Thread 0x0000026b9087f3a0 Exception <a 'sun/nio/fs/WindowsException'{0x00000000f920f068}> (0x00000000f920f068) 
thrown [s\src\hotspot\share\prims\jni.cpp, line 520]
Event: 18.993 Thread 0x0000026b9087f3a0 Exception <a 'java/lang/NoSuchMethodError'{0x00000000f5d0b058}: 'void java.lang.invoke.DirectMethodHandle$Holder.invokeStatic(java.lang.Object, java.lang.Object, java.lang.Object, int)'> (0x00000000f5d0b058) 
thrown [s\src\hotspot\share\interpreter\linkResolver.cpp, line 773]
Event: 19.058 Thread 0x0000026b9087f3a0 Exception <a 'java/lang/NoSuchMethodError'{0x00000000f5daf940}: 'void java.lang.invoke.DirectMethodHandle$Holder.invokeVirtual(java.lang.Object, java.lang.Object, int)'> (0x00000000f5daf940) 
thrown [s\src\hotspot\share\interpreter\linkResolver.cpp, line 773]
Event: 21.579 Thread 0x0000026b9087f3a0 Exception <a 'java/lang/NoSuchMethodError'{0x00000000fae444d0}: 'void java.lang.invoke.DirectMethodHandle$Holder.invokeInterface(java.lang.Object, java.lang.Object)'> (0x00000000fae444d0) 
thrown [s\src\hotspot\share\interpreter\linkResolver.cpp, line 773]
Event: 21.633 Thread 0x0000026b8d325800 Exception <a 'java/lang/NoSuchMethodError'{0x00000000f55fb358}: 'java.lang.Object java.lang.invoke.DirectMethodHandle$Holder.invokeStatic(java.lang.Object, java.lang.Object, int, java.lang.Object)'> (0x00000000f55fb358) 
thrown [s\src\hotspot\share\interpreter\linkResolver.cpp, line 773]
Event: 21.634 Thread 0x0000026b8d325800 Exception <a 'java/lang/NoSuchMethodError'{0x00000000f5601a68}: 'java.lang.Object java.lang.invoke.DirectMethodHandle$Holder.newInvokeSpecial(java.lang.Object, java.lang.Object, int)'> (0x00000000f5601a68) 
thrown [s\src\hotspot\share\interpreter\linkResolver.cpp, line 773]
Event: 21.945 Thread 0x0000026b8d325800 Exception <a 'java/lang/NoSuchMethodError'{0x00000000f769e448}: 'java.lang.Object java.lang.invoke.DirectMethodHandle$Holder.invokeStatic(java.lang.Object, java.lang.Object, int, int)'> (0x00000000f769e448) 
thrown [s\src\hotspot\share\interpreter\linkResolver.cpp, line 773]
Event: 21.947 Thread 0x0000026b8d325800 Exception <a 'java/lang/NoSuchMethodError'{0x00000000f76a2598}: 'java.lang.Object java.lang.invoke.DirectMethodHandle$Holder.invokeSpecial(java.lang.Object, java.lang.Object, java.lang.Object, int, int)'> (0x00000000f76a2598) 
thrown [s\src\hotspot\share\interpreter\linkResolver.cpp, line 773]
Event: 22.773 Thread 0x0000026b9087f3a0 Exception <a 'sun/nio/fs/WindowsException'{0x00000000f6d5ce50}> (0x00000000f6d5ce50) 
thrown [s\src\hotspot\share\prims\jni.cpp, line 520]
Event: 22.773 Thread 0x0000026b9087f3a0 Exception <a 'sun/nio/fs/WindowsException'{0x00000000f6d5d818}> (0x00000000f6d5d818) 
thrown [s\src\hotspot\share\prims\jni.cpp, line 520]

ZGC Phase Switch (0 events):
No events

VM Operations (20 events):
Event: 481.041 Executing VM operation: RendezvousGCThreads
Event: 481.041 Executing VM operation: RendezvousGCThreads done
Event: 503.164 Executing VM operation: Cleanup
Event: 503.164 Executing VM operation: Cleanup done
Event: 541.257 Executing VM operation: HandshakeAllThreads (HandshakeForDeflation)
Event: 541.257 Executing VM operation: HandshakeAllThreads (HandshakeForDeflation) done
Event: 541.257 Executing VM operation: RendezvousGCThreads
Event: 541.257 Executing VM operation: RendezvousGCThreads done
Event: 601.262 Executing VM operation: HandshakeAllThreads (HandshakeForDeflation)
Event: 601.262 Executing VM operation: HandshakeAllThreads (HandshakeForDeflation) done
Event: 601.262 Executing VM operation: RendezvousGCThreads
Event: 601.262 Executing VM operation: RendezvousGCThreads done
Event: 661.410 Executing VM operation: HandshakeAllThreads (HandshakeForDeflation)
Event: 661.410 Executing VM operation: HandshakeAllThreads (HandshakeForDeflation) done
Event: 661.410 Executing VM operation: RendezvousGCThreads
Event: 661.410 Executing VM operation: RendezvousGCThreads done
Event: 721.507 Executing VM operation: HandshakeAllThreads (HandshakeForDeflation)
Event: 721.507 Executing VM operation: HandshakeAllThreads (HandshakeForDeflation) done
Event: 721.507 Executing VM operation: RendezvousGCThreads
Event: 721.507 Executing VM operation: RendezvousGCThreads done

Memory protections (0 events):
No events

Nmethod flushes (20 events):
Event: 20.345 Thread 0x0000026b2d50e830 flushing  nmethod 0x0000026b36469490
Event: 20.345 Thread 0x0000026b2d50e830 flushing  nmethod 0x0000026b3646a490
Event: 20.345 Thread 0x0000026b2d50e830 flushing  nmethod 0x0000026b3646a890
Event: 20.345 Thread 0x0000026b2d50e830 flushing  nmethod 0x0000026b36471890
Event: 20.345 Thread 0x0000026b2d50e830 flushing  nmethod 0x0000026b36472a90
Event: 20.345 Thread 0x0000026b2d50e830 flushing  nmethod 0x0000026b36472f10
Event: 20.345 Thread 0x0000026b2d50e830 flushing  nmethod 0x0000026b36473790
Event: 20.345 Thread 0x0000026b2d50e830 flushing  nmethod 0x0000026b36473b90
Event: 20.345 Thread 0x0000026b2d50e830 flushing  nmethod 0x0000026b36473f10
Event: 20.345 Thread 0x0000026b2d50e830 flushing  nmethod 0x0000026b36474490
Event: 20.345 Thread 0x0000026b2d50e830 flushing  nmethod 0x0000026b36474890
Event: 20.345 Thread 0x0000026b2d50e830 flushing  nmethod 0x0000026b36474e10
Event: 20.345 Thread 0x0000026b2d50e830 flushing  nmethod 0x0000026b36475190
Event: 20.345 Thread 0x0000026b2d50e830 flushing  nmethod 0x0000026b36475c90
Event: 20.345 Thread 0x0000026b2d50e830 flushing  nmethod 0x0000026b36480d10
Event: 20.345 Thread 0x0000026b2d50e830 flushing  nmethod 0x0000026b36482190
Event: 20.345 Thread 0x0000026b2d50e830 flushing  nmethod 0x0000026b36482790
Event: 20.346 Thread 0x0000026b2d50e830 flushing  nmethod 0x0000026b36482b90
Event: 20.346 Thread 0x0000026b2d50e830 flushing  nmethod 0x0000026b36483a10
Event: 20.346 Thread 0x0000026b2d50e830 flushing  nmethod 0x0000026b36484010

Events (20 events):
Event: 32.709 Thread 0x0000026b2d1ae9b0 Thread added: 0x0000026b8facf3f0
Event: 37.829 Thread 0x0000026b9beada40 Thread exited: 0x0000026b9beada40
Event: 37.829 Thread 0x0000026b8facf3f0 Thread exited: 0x0000026b8facf3f0
Event: 59.088 Thread 0x0000026b2d1ae9b0 Thread added: 0x0000026b9beada40
Event: 59.088 Thread 0x0000026b2d1ae9b0 Thread added: 0x0000026b8facf3f0
Event: 59.999 Thread 0x0000026b8facf3f0 Thread exited: 0x0000026b8facf3f0
Event: 65.097 Thread 0x0000026b9beada40 Thread exited: 0x0000026b9beada40
Event: 77.991 Thread 0x0000026b8d327240 Thread exited: 0x0000026b8d327240
Event: 77.994 Thread 0x0000026b8d324ae0 Thread exited: 0x0000026b8d324ae0
Event: 82.115 Thread 0x0000026b8d325800 Thread exited: 0x0000026b8d325800
Event: 83.863 Thread 0x0000026b9087f3a0 Thread exited: 0x0000026b9087f3a0
Event: 143.884 Thread 0x0000026b9087d960 Thread exited: 0x0000026b9087d960
Event: 203.892 Thread 0x0000026b9087dff0 Thread exited: 0x0000026b9087dff0
Event: 263.897 Thread 0x0000026b9087ed10 Thread exited: 0x0000026b9087ed10
Event: 317.381 Thread 0x0000026b9087fa30 Thread exited: 0x0000026b9087fa30
Event: 617.388 Thread 0x0000026b8e3b1b40 Thread exited: 0x0000026b8e3b1b40
Event: 764.134 Thread 0x0000026b8e3b0790 Thread added: 0x0000026b9087ed10
Event: 764.213 Thread 0x0000026b9087ed10 Thread added: 0x0000026b9087f3a0
Event: 764.317 Thread 0x0000026b2d18edc0 Thread added: 0x0000026b9beada40
Event: 764.317 Thread 0x0000026b2d18edc0 Thread added: 0x0000026b8facf3f0


Dynamic libraries:
0x00007ff7a39c0000 - 0x00007ff7a39ce000 	C:\Program Files\Eclipse Adoptium\jdk-21.0.5.11-hotspot\bin\java.exe
0x00007ffae7cc0000 - 0x00007ffae7f26000 	C:\WINDOWS\SYSTEM32\ntdll.dll
0x00007ffae7000000 - 0x00007ffae70c9000 	C:\WINDOWS\System32\KERNEL32.DLL
0x00007ffae4f80000 - 0x00007ffae537a000 	C:\WINDOWS\System32\KERNELBASE.dll
0x00007ffae5430000 - 0x00007ffae557c000 	C:\WINDOWS\System32\ucrtbase.dll
0x00007ffad3610000 - 0x00007ffad3628000 	C:\Program Files\Eclipse Adoptium\jdk-21.0.5.11-hotspot\bin\jli.dll
0x00007ffacb900000 - 0x00007ffacb91e000 	C:\Program Files\Eclipse Adoptium\jdk-21.0.5.11-hotspot\bin\VCRUNTIME140.dll
0x00007ffae5a30000 - 0x00007ffae5bf7000 	C:\WINDOWS\System32\USER32.dll
0x00007ffae4f50000 - 0x00007ffae4f77000 	C:\WINDOWS\System32\win32u.dll
0x00007ffae7a50000 - 0x00007ffae7a7b000 	C:\WINDOWS\System32\GDI32.dll
0x00007ffad2740000 - 0x00007ffad29d2000 	C:\WINDOWS\WinSxS\amd64_microsoft.windows.common-controls_6595b64144ccf1df_6.0.26100.8521_none_3e08b75ce33403b3\COMCTL32.dll
0x00007ffae6f50000 - 0x00007ffae6ff9000 	C:\WINDOWS\System32\msvcrt.dll
0x00007ffae5700000 - 0x00007ffae582b000 	C:\WINDOWS\System32\gdi32full.dll
0x00007ffae5380000 - 0x00007ffae5423000 	C:\WINDOWS\System32\msvcp_win.dll
0x00007ffae7960000 - 0x00007ffae7992000 	C:\WINDOWS\System32\IMM32.DLL
0x00007ffad3810000 - 0x00007ffad381c000 	C:\Program Files\Eclipse Adoptium\jdk-21.0.5.11-hotspot\bin\vcruntime140_1.dll
0x00007ffa736d0000 - 0x00007ffa7375d000 	C:\Program Files\Eclipse Adoptium\jdk-21.0.5.11-hotspot\bin\msvcp140.dll
0x00007ffa29270000 - 0x00007ffa29fff000 	C:\Program Files\Eclipse Adoptium\jdk-21.0.5.11-hotspot\bin\server\jvm.dll
0x00007ffae6e90000 - 0x00007ffae6f46000 	C:\WINDOWS\System32\ADVAPI32.dll
0x00007ffae79a0000 - 0x00007ffae7a4a000 	C:\WINDOWS\System32\sechost.dll
0x00007ffae6550000 - 0x00007ffae6668000 	C:\WINDOWS\System32\RPCRT4.dll
0x00007ffae6670000 - 0x00007ffae66f0000 	C:\WINDOWS\System32\WS2_32.dll
0x00007ffad76b0000 - 0x00007ffad76e6000 	C:\WINDOWS\SYSTEM32\WINMM.dll
0x00007ffae4db0000 - 0x00007ffae4e0e000 	C:\WINDOWS\SYSTEM32\POWRPROF.dll
0x00007ffadbce0000 - 0x00007ffadbceb000 	C:\WINDOWS\SYSTEM32\VERSION.dll
0x00007ffae4d90000 - 0x00007ffae4da4000 	C:\WINDOWS\SYSTEM32\UMPDC.dll
0x00007ffae3ce0000 - 0x00007ffae3cfb000 	C:\WINDOWS\SYSTEM32\kernel.appcore.dll
0x00007ffad3600000 - 0x00007ffad360a000 	C:\Program Files\Eclipse Adoptium\jdk-21.0.5.11-hotspot\bin\jimage.dll
0x00007ffae2530000 - 0x00007ffae2772000 	C:\WINDOWS\SYSTEM32\DBGHELP.DLL
0x00007ffae6810000 - 0x00007ffae6b93000 	C:\WINDOWS\System32\combase.dll
0x00007ffae6700000 - 0x00007ffae67d9000 	C:\WINDOWS\System32\OLEAUT32.dll
0x00007ffacc980000 - 0x00007ffacc9bb000 	C:\WINDOWS\SYSTEM32\dbgcore.DLL
0x00007ffae5830000 - 0x00007ffae58d8000 	C:\WINDOWS\System32\bcryptPrimitives.dll
0x00007ffad1ba0000 - 0x00007ffad1baf000 	C:\Program Files\Eclipse Adoptium\jdk-21.0.5.11-hotspot\bin\instrument.dll
0x00007ffaa4ac0000 - 0x00007ffaa4adf000 	C:\Program Files\Eclipse Adoptium\jdk-21.0.5.11-hotspot\bin\java.dll
0x00007ffae71c0000 - 0x00007ffae7944000 	C:\WINDOWS\System32\SHELL32.dll
0x00007ffae2b10000 - 0x00007ffae3390000 	C:\WINDOWS\SYSTEM32\windows.storage.dll
0x00007ffae5d60000 - 0x00007ffae5e56000 	C:\WINDOWS\System32\SHCORE.dll
0x00007ffae7c10000 - 0x00007ffae7c77000 	C:\WINDOWS\System32\shlwapi.dll
0x00007ffae4e70000 - 0x00007ffae4e99000 	C:\WINDOWS\SYSTEM32\profapi.dll
0x00007ffa73860000 - 0x00007ffa73937000 	C:\Program Files\Eclipse Adoptium\jdk-21.0.5.11-hotspot\bin\jsvml.dll
0x00007ffa9ee90000 - 0x00007ffa9eea8000 	C:\Program Files\Eclipse Adoptium\jdk-21.0.5.11-hotspot\bin\zip.dll
0x00007ffad3830000 - 0x00007ffad3840000 	C:\Program Files\Eclipse Adoptium\jdk-21.0.5.11-hotspot\bin\net.dll
0x00007ffadcdb0000 - 0x00007ffadced9000 	C:\WINDOWS\SYSTEM32\WINHTTP.dll
0x00007ffae4250000 - 0x00007ffae42bc000 	C:\WINDOWS\system32\mswsock.dll
0x00007ffad3640000 - 0x00007ffad3656000 	C:\Program Files\Eclipse Adoptium\jdk-21.0.5.11-hotspot\bin\nio.dll
0x00007ffad3820000 - 0x00007ffad3830000 	C:\Program Files\Eclipse Adoptium\jdk-21.0.5.11-hotspot\bin\verify.dll
0x00007ffa872e0000 - 0x00007ffa87325000 	C:\Users\ELCOT\AppData\Roaming\Code\User\globalStorage\redhat.java\1.55.0\config_win\org.eclipse.equinox.launcher\org.eclipse.equinox.launcher.win32.win32.x86_64_1.3.100.v20260613-0559\eclipse_11924.dll
0x00007ffae6c80000 - 0x00007ffae6e18000 	C:\WINDOWS\System32\ole32.dll
0x00007ffae4540000 - 0x00007ffae455b000 	C:\WINDOWS\SYSTEM32\CRYPTSP.dll
0x00007ffae3c40000 - 0x00007ffae3c79000 	C:\WINDOWS\system32\rsaenh.dll
0x00007ffae4300000 - 0x00007ffae4333000 	C:\WINDOWS\SYSTEM32\USERENV.dll
0x00007ffae4e40000 - 0x00007ffae4e6a000 	C:\WINDOWS\SYSTEM32\bcrypt.dll
0x00007ffae4530000 - 0x00007ffae453c000 	C:\WINDOWS\SYSTEM32\CRYPTBASE.dll
0x00007ffae3710000 - 0x00007ffae3743000 	C:\WINDOWS\SYSTEM32\IPHLPAPI.DLL
0x00007ffae6800000 - 0x00007ffae680a000 	C:\WINDOWS\System32\NSI.dll
0x00007ffa73130000 - 0x00007ffa73179000 	C:\Users\ELCOT\AppData\Local\Temp\jna-66053985\jna16189034054676032754.dll
0x00007ffae7950000 - 0x00007ffae7958000 	C:\WINDOWS\System32\PSAPI.DLL
0x00007ffade150000 - 0x00007ffade16d000 	C:\WINDOWS\SYSTEM32\dhcpcsvc6.DLL
0x00007ffade120000 - 0x00007ffade145000 	C:\WINDOWS\SYSTEM32\dhcpcsvc.DLL
0x00007ffad3630000 - 0x00007ffad363e000 	C:\Program Files\Eclipse Adoptium\jdk-21.0.5.11-hotspot\bin\sunmscapi.dll
0x00007ffae5580000 - 0x00007ffae56f8000 	C:\WINDOWS\System32\CRYPT32.dll
0x00007ffae4750000 - 0x00007ffae4780000 	C:\WINDOWS\SYSTEM32\ncrypt.dll
0x00007ffae4700000 - 0x00007ffae473f000 	C:\WINDOWS\SYSTEM32\NTASN1.dll
0x00007ffae37b0000 - 0x00007ffae38fa000 	C:\WINDOWS\SYSTEM32\DNSAPI.dll
0x00007ffae4050000 - 0x00007ffae405d000 	C:\WINDOWS\SYSTEM32\DSPARSE.dll
0x00007ffade8e0000 - 0x00007ffade966000 	C:\WINDOWS\System32\fwpuclnt.dll
0x00007ffadcda0000 - 0x00007ffadcdab000 	C:\Windows\System32\rasadhlp.dll
0x00007ffad3560000 - 0x00007ffad3569000 	C:\Program Files\Eclipse Adoptium\jdk-21.0.5.11-hotspot\bin\extnet.dll

dbghelp: loaded successfully - version: 4.0.5 - missing functions: none
symbol engine: initialized successfully - sym options: 0x614 - pdb path: .;C:\Program Files\Eclipse Adoptium\jdk-21.0.5.11-hotspot\bin;C:\WINDOWS\SYSTEM32;C:\WINDOWS\WinSxS\amd64_microsoft.windows.common-controls_6595b64144ccf1df_6.0.26100.8521_none_3e08b75ce33403b3;C:\Program Files\Eclipse Adoptium\jdk-21.0.5.11-hotspot\bin\server;C:\Users\ELCOT\AppData\Roaming\Code\User\globalStorage\redhat.java\1.55.0\config_win\org.eclipse.equinox.launcher\org.eclipse.equinox.launcher.win32.win32.x86_64_1.3.100.v20260613-0559;C:\Users\ELCOT\AppData\Local\Temp\jna-66053985

VM Arguments:
jvm_args: --add-modules=ALL-SYSTEM --add-opens=java.base/java.util=ALL-UNNAMED --add-opens=java.base/java.lang=ALL-UNNAMED --add-opens=java.base/sun.nio.fs=ALL-UNNAMED -Declipse.application=org.eclipse.jdt.ls.core.id1 -Dosgi.bundles.defaultStartLevel=4 -Declipse.product=org.eclipse.jdt.ls.core.product -Djava.import.generatesMetadataFilesAtProjectRoot=false -DDetectVMInstallationsJob.disabled=true -Dfile.encoding=utf8 -Xlog:disable -XX:+UseParallelGC -Xmx512m -Djava.net.preferIPv4Stack=true -javaagent:c:\Users\ELCOT\.vscode\extensions\redhat.java-1.55.0-win32-x64\lombok\lombok-1.18.39-4050.jar -XX:+HeapDumpOnOutOfMemoryError -XX:HeapDumpPath=c:\Users\ELCOT\AppData\Roaming\Code\User\workspaceStorage\f02c9adc40307c361029f37c68615d85\redhat.java -Daether.dependencyCollector.impl=bf 
java_command: c:\Users\ELCOT\.vscode\extensions\redhat.java-1.55.0-win32-x64\server\plugins\org.eclipse.equinox.launcher_1.7.200.v20260619-2039.jar -configuration c:\Users\ELCOT\AppData\Roaming\Code\User\globalStorage\redhat.java\1.55.0\config_win -data c:\Users\ELCOT\AppData\Roaming\Code\User\workspaceStorage\f02c9adc40307c361029f37c68615d85\redhat.java\jdt_ws --pipe=\\.\pipe\lsp-8e838fe11bfa0e8c198b103c6816142b-sock
java_class_path (initial): c:\Users\ELCOT\.vscode\extensions\redhat.java-1.55.0-win32-x64\server\plugins\org.eclipse.equinox.launcher_1.7.200.v20260619-2039.jar
Launcher Type: SUN_STANDARD

[Global flags]
     intx CICompilerCount                          = 4                                         {product} {ergonomic}
     bool HeapDumpOnOutOfMemoryError               = true                                   {manageable} {command line}
    ccstr HeapDumpPath                             = c:\Users\ELCOT\AppData\Roaming\Code\User\workspaceStorage\f02c9adc40307c361029f37c68615d85\redhat.java         {manageable} {command line}
   size_t InitialHeapSize                          = 121634816                                 {product} {ergonomic}
   size_t MaxHeapSize                              = 536870912                                 {product} {command line}
   size_t MaxNewSize                               = 178782208                                 {product} {ergonomic}
   size_t MinHeapDeltaBytes                        = 524288                                    {product} {ergonomic}
   size_t MinHeapSize                              = 8388608                                   {product} {ergonomic}
   size_t NewSize                                  = 40370176                                  {product} {ergonomic}
    uintx NonNMethodCodeHeapSize                   = 5839372                                {pd product} {ergonomic}
    uintx NonProfiledCodeHeapSize                  = 122909434                              {pd product} {ergonomic}
   size_t OldSize                                  = 81264640                                  {product} {ergonomic}
    uintx ProfiledCodeHeapSize                     = 122909434                              {pd product} {ergonomic}
    uintx ReservedCodeCacheSize                    = 251658240                              {pd product} {ergonomic}
     bool SegmentedCodeCache                       = true                                      {product} {ergonomic}
   size_t SoftMaxHeapSize                          = 536870912                              {manageable} {ergonomic}
     bool UseCompressedOops                        = true                           {product lp64_product} {ergonomic}
     bool UseLargePagesIndividualAllocation        = false                                  {pd product} {ergonomic}
     bool UseParallelGC                            = true                                      {product} {command line}

Logging:
Log output configuration:
 #0: stdout all=off uptime,level,tags foldmultilines=false
 #1: stderr all=off uptime,level,tags foldmultilines=false

Environment Variables:
JAVA_HOME=C:\Program Files\Eclipse Adoptium\jdk-21.0.5.11-hotspot
PATH=D:\Downloads\apache-maven-3.9.14-bin\apache-maven-3.9.14\bin;C:\Program Files\Eclipse Adaptium\jdk-21.0.5.11-hotspot\bin;C:\Program Files\Eclipse Adoptium\jdk-21.0.5.11-hotspot\bin;D:\Downloads\jdk-21\bin;C:\Program Files\Eclipse Adoptium\jdk-21.0.5.11-hotspot\bin;D:\Downloads\jdk-21\bin;C:\Program Files\Eclipse Adoptium\jdk-21.0.5.11-hotspot\bin;D:\Downloads\jdk-21\bin;%PATH%;C:\Users\ELCOT\AppData\Local\Programs\Python\Python313\Scripts\;C:\Users\ELCOT\AppData\Local\Programs\Python\Python313\;C:\Users\ELCOT\AppData\Local\Programs\Python\Launcher\;C:\Users\ELCOT\.local\bin;C:\Program Files\MySQL\MySQL Shell 8.0\bin\;C:\Users\ELCOT\AppData\Local\Microsoft\WindowsApps;C:\Users\ELCOT\AppData\Local\Programs\Microsoft VS Code\bin;C:\Users\ELCOT\AppData\Local\Programs\Python\Python313\Scripts\;C:\Users\ELCOT\AppData\Local\Programs\Python\Python313\;C:\Users\ELCOT\AppData\Local\Programs\Python\Launcher\;C:\Users\ELCOT\.local\bin;C:\Program Files\MySQL\MySQL Shell 8.0\bin\;C:\Users\ELCOT\AppData\Local\Microsoft\WindowsApps;C:\Users\ELCOT\AppData\Local\Programs\Microsoft VS Code\bin;C:\Program Files\Git\bin;C:\Program Files\Git\cmd;D:\Downloads\;C:\Users\ELCOT\AppData\Local\agy\bin;C:\Users\ELCOT\AppData\Local\Programs\Python\Python313\Scripts\;C:\Users\ELCOT\AppData\Local\Programs\Python\Python313\;C:\Users\ELCOT\AppData\Local\Programs\Python\Launcher\;C:\Users\ELCOT\.local\bin;C:\Program Files\MySQL\MySQL Shell 8.0\bin\;C:\Users\ELCOT\AppData\Local\Microsoft\WindowsApps;C:\Users\ELCOT\AppData\Local\Programs\Microsoft VS Code\bin;D:\Downloads\Antigravity IDE\bin;C:\Users\ELCOT\AppData\Roaming\npm
USERNAME=ELCOT
OS=Windows_NT
PROCESSOR_IDENTIFIER=AMD64 Family 23 Model 160 Stepping 0, AuthenticAMD
TMP=C:\Users\ELCOT\AppData\Local\Temp
TEMP=C:\Users\ELCOT\AppData\Local\Temp




Periodic native trim disabled

---------------  S Y S T E M  ---------------

OS:
 Windows 11 , 64 bit Build 26100 (10.0.26100.8521)
OS uptime: 0 days 0:25 hours
Hyper-V role detected

CPU: total 8 (initial active 8) (8 cores per cpu, 2 threads per core) family 23 model 160 stepping 0 microcode 0x8a0000b, cx8, cmov, fxsr, ht, mmx, 3dnowpref, sse, sse2, sse3, ssse3, sse4a, sse4.1, sse4.2, popcnt, lzcnt, tsc, tscinvbit, avx, avx2, aes, clmul, bmi1, bmi2, adx, sha, fma, vzeroupper, clflush, clflushopt, hv, rdtscp, rdpid, f16c
Processor Information for all 8 processors :
  Max Mhz: 2401, Current Mhz: 2401, Mhz Limit: 2401

Memory: 4k page, system-wide physical 7379M (821M free)
TotalPageFile size 15236M (AvailPageFile size 0M)
current process WorkingSet (physical memory assigned to process): 88M, peak: 408M
current process commit charge ("private bytes"): 438M, peak: 493M

vm_info: OpenJDK 64-Bit Server VM (21.0.5+11-LTS) for windows-amd64 JRE (21.0.5+11-LTS), built on 2024-10-15T00:00:00Z by "admin" with MS VC++ 17.7 (VS2022)

END.
