#
# There is insufficient memory for the Java Runtime Environment to continue.
# Native memory allocation (malloc) failed to allocate 1048576 bytes. Error detail: AllocateHeap
# Possible reasons:
#   The system is out of physical RAM or swap space
#   This process is running with CompressedOops enabled, and the Java Heap may be blocking the growth of the native heap
# Possible solutions:
#   Reduce memory load on the system
#   Increase physical memory or swap space
#   Check if swap backing store is full
#   Decrease Java heap size (-Xmx/-Xms)
#   Decrease number of Java threads
#   Decrease Java thread stack sizes (-Xss)
#   Set larger code cache with -XX:ReservedCodeCacheSize=
#   JVM is running with Unscaled Compressed Oops mode in which the Java heap is
#     placed in the first 4GB address space. The Java Heap base address is the
#     maximum limit for the native heap growth. Please use -XX:HeapBaseMinAddress
#     to set the Java Heap base and to place the Java Heap above 4GB virtual address.
# This output file may be truncated or incomplete.
#
#  Out of Memory Error (allocation.cpp:44), pid=3404, tid=18244
#
# JRE version:  (21.0.5+11) (build )
# Java VM: OpenJDK 64-Bit Server VM (21.0.5+11-LTS, mixed mode, sharing, tiered, compressed oops, compressed class ptrs, parallel gc, windows-amd64)
# No core dump will be written. Minidumps are not enabled by default on client versions of Windows
#

---------------  S U M M A R Y ------------

Command Line: --add-modules=ALL-SYSTEM --add-opens=java.base/java.util=ALL-UNNAMED --add-opens=java.base/java.lang=ALL-UNNAMED --add-opens=java.base/sun.nio.fs=ALL-UNNAMED -Declipse.application=org.eclipse.jdt.ls.core.id1 -Dosgi.bundles.defaultStartLevel=4 -Declipse.product=org.eclipse.jdt.ls.core.product -Djava.import.generatesMetadataFilesAtProjectRoot=false -DDetectVMInstallationsJob.disabled=true -Dfile.encoding=utf8 -Xlog:disable -XX:+UseParallelGC -Xmx512m -Djava.net.preferIPv4Stack=true -javaagent:c:\Users\ELCOT\.vscode\extensions\redhat.java-1.55.0-win32-x64\lombok\lombok-1.18.39-4050.jar c:\Users\ELCOT\.vscode\extensions\redhat.java-1.55.0-win32-x64\server\plugins\org.eclipse.equinox.launcher_1.7.200.v20260619-2039.jar -configuration c:\Users\ELCOT\AppData\Roaming\Code\User\globalStorage\redhat.java\1.55.0\config_ss_win -data c:\Users\ELCOT\AppData\Roaming\Code\User\workspaceStorage\f02c9adc40307c361029f37c68615d85\redhat.java\ss_ws --pipe=\\.\pipe\lsp-bd108c4d48fc096ea2b14ce8ed58c4b4-sock

Host: AMD Ryzen 3 7320U with Radeon Graphics         , 8 cores, 7G,  Windows 11 , 64 bit Build 26100 (10.0.26100.8521)
Time: Sun Jul 12 10:53:10 2026 India Standard Time elapsed time: 0.208730 seconds (0d 0h 0m 0s)

---------------  T H R E A D  ---------------

Current thread (0x00000168dbfeae20):  JavaThread "Unknown thread" [_thread_in_vm, id=18244, stack(0x0000006456700000,0x0000006456800000) (1024K)]

Stack: [0x0000006456700000,0x0000006456800000]
Native frames: (J=compiled Java code, j=interpreted, Vv=VM code, C=native code)
V  [jvm.dll+0x6cd4e9]
V  [jvm.dll+0x8a7941]
V  [jvm.dll+0x8a9e6e]
V  [jvm.dll+0x8aa543]
V  [jvm.dll+0x27f6d6]
V  [jvm.dll+0xbfb37]
V  [jvm.dll+0x701692]
V  [jvm.dll+0x7023cc]
V  [jvm.dll+0x6dc1a3]
V  [jvm.dll+0x87124c]
V  [jvm.dll+0x3bc15c]
V  [jvm.dll+0x859dd8]
V  [jvm.dll+0x4504ee]
V  [jvm.dll+0x452131]
C  [jli.dll+0x5278]
C  [ucrtbase.dll+0x2cd30]
C  [KERNEL32.DLL+0x2e957]
C  [ntdll.dll+0x87c1c]


---------------  P R O C E S S  ---------------

Threads class SMR info:
_java_thread_list=0x00000168dc014f50, length=1, elements={
0x00000168dbfeae20
}

Java Threads: ( => current thread )
=>0x00000168dbfeae20 JavaThread "Unknown thread"             [_thread_in_vm, id=18244, stack(0x0000006456700000,0x0000006456800000) (1024K)]
Total: 1

Other Threads:
  0x00000168f64bca00 WatcherThread "VM Periodic Task Thread"        [id=16224, stack(0x0000006456900000,0x0000006456a00000) (1024K)]
  0x00000168dc00ab10 WorkerThread "GC Thread#0"                     [id=11984, stack(0x0000006456800000,0x0000006456900000) (1024K)]
Total: 2

Threads with active compile tasks:
Total: 0

VM state: not at safepoint (normal execution)

VM Mutex/Monitor currently owned by a thread: None

Heap address: 0x00000000e0000000, size: 512 MB, Compressed Oops mode: 32-bit

CDS archive(s) mapped at: [0x0000016880000000-0x0000016880c80000-0x0000016880c80000), size 13107200, SharedBaseAddress: 0x0000016880000000, ArchiveRelocationMode: 1.
Compressed class space mapped at: 0x0000016881000000-0x00000168c1000000, reserved size: 1073741824
Narrow klass base: 0x0000016880000000, Narrow klass shift: 0, Narrow klass range: 0x100000000

GC Precious Log:
 CardTable entry size: 512
 CPUs: 8 total, 8 available
 Memory: 7379M
 Large Page Support: Disabled
 NUMA Support: Disabled
 Compressed Oops: Enabled (32-bit)
 Alignments: Space 512K, Generation 512K, Heap 2M
 Heap Min Capacity: 8M
 Heap Initial Capacity: 116M
 Heap Max Capacity: 512M
 Pre-touch: Disabled
 Parallel Workers: 8

Heap:
 PSYoungGen      total 34816K, used 604K [0x00000000f5580000, 0x00000000f7c00000, 0x0000000100000000)
  eden space 30208K, 2% used [0x00000000f5580000,0x00000000f56170c0,0x00000000f7300000)
  from space 4608K, 0% used [0x00000000f7780000,0x00000000f7780000,0x00000000f7c00000)
  to   space 4608K, 0% used [0x00000000f7300000,0x00000000f7300000,0x00000000f7780000)
 ParOldGen       total 79360K, used 0K [0x00000000e0000000, 0x00000000e4d80000, 0x00000000f5580000)
  object space 79360K, 0% used [0x00000000e0000000,0x00000000e0000000,0x00000000e4d80000)
 Metaspace       used 0K, committed 0K, reserved 1048576K
  class space    used 0K, committed 0K, reserved 1048576K

Card table byte_map: [0x00000168f5120000,0x00000168f5230000] _byte_map_base: 0x00000168f4a20000

Marking Bits: (ParMarkBitMap*) 0x00007ff81d692250
 Begin Bits: [0x00000168f52e0000, 0x00000168f5ae0000)
 End Bits:   [0x00000168f5ae0000, 0x00000168f62e0000)

Polling page: 0x00000168dc0b0000

Metaspace:

Usage:
  Non-class:      0 bytes used.
      Class:      0 bytes used.
       Both:      0 bytes used.

Virtual space:
  Non-class space:        0 bytes reserved,       0 bytes (  ?%) committed,  0 nodes.
      Class space:        1.00 GB reserved,       0 bytes (  0%) committed,  1 nodes.
             Both:        1.00 GB reserved,       0 bytes (  0%) committed. 

Chunk freelists:
   Non-Class:  0 bytes
       Class:  16.00 MB
        Both:  16.00 MB

MaxMetaspaceSize: unlimited
CompressedClassSpaceSize: 1.00 GB
Initial GC threshold: 21.00 MB
Current GC threshold: 17179869184.00 GB
CDS: on
 - commit_granule_bytes: 65536.
 - commit_granule_words: 8192.
 - virtual_space_node_default_size: 8388608.
 - enlarge_chunks_in_place: 1.
 - use_allocation_guard: 0.


Internal statistics:

num_allocs_failed_limit: 0.
num_arena_births: 0.
num_arena_deaths: 0.
num_vsnodes_births: 1.
num_vsnodes_deaths: 0.
num_space_committed: 0.
num_space_uncommitted: 0.
num_chunks_returned_to_freelist: 0.
num_chunks_taken_from_freelist: 1.
num_chunk_merges: 0.
num_chunk_splits: 1.
num_chunks_enlarged: 0.
num_inconsistent_stats: 0.

CodeHeap 'non-profiled nmethods': size=120000Kb used=0Kb max_used=0Kb free=120000Kb
 bounds [0x00000168eda10000, 0x00000168edc80000, 0x00000168f4f40000]
CodeHeap 'profiled nmethods': size=120000Kb used=0Kb max_used=0Kb free=120000Kb
 bounds [0x00000168e5f40000, 0x00000168e61b0000, 0x00000168ed470000]
CodeHeap 'non-nmethods': size=5760Kb used=194Kb max_used=342Kb free=5565Kb
 bounds [0x00000168ed470000, 0x00000168ed6e0000, 0x00000168eda10000]
 total_blobs=70 nmethods=0 adapters=48
 compilation: enabled
              stopped_count=0, restarted_count=0
 full_count=0

Compilation events (0 events):
No events

GC Heap History (0 events):
No events

Dll operation events (1 events):
Event: 0.030 Loaded shared library C:\Program Files\Eclipse Adoptium\jdk-21.0.5.11-hotspot\bin\java.dll

Deoptimization events (0 events):
No events

Classes loaded (0 events):
No events

Classes unloaded (0 events):
No events

Classes redefined (0 events):
No events

Internal exceptions (0 events):
No events

ZGC Phase Switch (0 events):
No events

VM Operations (0 events):
No events

Memory protections (0 events):
No events

Nmethod flushes (0 events):
No events

Events (1 events):
Event: 0.064 Thread 0x00000168dbfeae20 Thread added: 0x00000168dbfeae20


Dynamic libraries:
0x00007ff778700000 - 0x00007ff77870e000 	C:\Program Files\Eclipse Adoptium\jdk-21.0.5.11-hotspot\bin\java.exe
0x00007ff85fe00000 - 0x00007ff860066000 	C:\WINDOWS\SYSTEM32\ntdll.dll
0x00007ff85ef30000 - 0x00007ff85eff9000 	C:\WINDOWS\System32\KERNEL32.DLL
0x00007ff85d090000 - 0x00007ff85d48a000 	C:\WINDOWS\System32\KERNELBASE.dll
0x00007ff85d9f0000 - 0x00007ff85db3c000 	C:\WINDOWS\System32\ucrtbase.dll
0x00007ff8294f0000 - 0x00007ff829508000 	C:\Program Files\Eclipse Adoptium\jdk-21.0.5.11-hotspot\bin\jli.dll
0x00007ff85fad0000 - 0x00007ff85fc97000 	C:\WINDOWS\System32\USER32.dll
0x00007ff85db40000 - 0x00007ff85db67000 	C:\WINDOWS\System32\win32u.dll
0x00007ff85ef00000 - 0x00007ff85ef2b000 	C:\WINDOWS\System32\GDI32.dll
0x00007ff85d8c0000 - 0x00007ff85d9eb000 	C:\WINDOWS\System32\gdi32full.dll
0x00007ff85d5d0000 - 0x00007ff85d673000 	C:\WINDOWS\System32\msvcp_win.dll
0x00007ff83b480000 - 0x00007ff83b49e000 	C:\Program Files\Eclipse Adoptium\jdk-21.0.5.11-hotspot\bin\VCRUNTIME140.dll
0x00007ff849310000 - 0x00007ff8495a2000 	C:\WINDOWS\WinSxS\amd64_microsoft.windows.common-controls_6595b64144ccf1df_6.0.26100.8521_none_3e08b75ce33403b3\COMCTL32.dll
0x00007ff85f190000 - 0x00007ff85f239000 	C:\WINDOWS\System32\msvcrt.dll
0x00007ff85f970000 - 0x00007ff85f9a2000 	C:\WINDOWS\System32\IMM32.DLL
0x00007ff854830000 - 0x00007ff85483c000 	C:\Program Files\Eclipse Adoptium\jdk-21.0.5.11-hotspot\bin\vcruntime140_1.dll
0x00007ff81e020000 - 0x00007ff81e0ad000 	C:\Program Files\Eclipse Adoptium\jdk-21.0.5.11-hotspot\bin\msvcp140.dll
0x00007ff81c9e0000 - 0x00007ff81d76f000 	C:\Program Files\Eclipse Adoptium\jdk-21.0.5.11-hotspot\bin\server\jvm.dll
0x00007ff85f240000 - 0x00007ff85f2f6000 	C:\WINDOWS\System32\ADVAPI32.dll
0x00007ff85fca0000 - 0x00007ff85fd4a000 	C:\WINDOWS\System32\sechost.dll
0x00007ff85f820000 - 0x00007ff85f938000 	C:\WINDOWS\System32\RPCRT4.dll
0x00007ff85f000000 - 0x00007ff85f080000 	C:\WINDOWS\System32\WS2_32.dll
0x00007ff85cef0000 - 0x00007ff85cf4e000 	C:\WINDOWS\SYSTEM32\POWRPROF.dll
0x00007ff852990000 - 0x00007ff8529c6000 	C:\WINDOWS\SYSTEM32\WINMM.dll
0x00007ff853fc0000 - 0x00007ff853fcb000 	C:\WINDOWS\SYSTEM32\VERSION.dll
0x00007ff85ced0000 - 0x00007ff85cee4000 	C:\WINDOWS\SYSTEM32\UMPDC.dll
0x00007ff85be20000 - 0x00007ff85be3b000 	C:\WINDOWS\SYSTEM32\kernel.appcore.dll
0x00007ff835ef0000 - 0x00007ff835efa000 	C:\Program Files\Eclipse Adoptium\jdk-21.0.5.11-hotspot\bin\jimage.dll
0x00007ff85a650000 - 0x00007ff85a892000 	C:\WINDOWS\SYSTEM32\DBGHELP.DLL
0x00007ff85eb70000 - 0x00007ff85eef3000 	C:\WINDOWS\System32\combase.dll
0x00007ff85f360000 - 0x00007ff85f439000 	C:\WINDOWS\System32\OLEAUT32.dll
0x00007ff843360000 - 0x00007ff84339b000 	C:\WINDOWS\SYSTEM32\dbgcore.DLL
0x00007ff85d520000 - 0x00007ff85d5c8000 	C:\WINDOWS\System32\bcryptPrimitives.dll
0x00007ff847fe0000 - 0x00007ff847fef000 	C:\Program Files\Eclipse Adoptium\jdk-21.0.5.11-hotspot\bin\instrument.dll
0x00007ff8294c0000 - 0x00007ff8294df000 	C:\Program Files\Eclipse Adoptium\jdk-21.0.5.11-hotspot\bin\java.dll

dbghelp: loaded successfully - version: 4.0.5 - missing functions: none
symbol engine: initialized successfully - sym options: 0x614 - pdb path: .;C:\Program Files\Eclipse Adoptium\jdk-21.0.5.11-hotspot\bin;C:\WINDOWS\SYSTEM32;C:\WINDOWS\WinSxS\amd64_microsoft.windows.common-controls_6595b64144ccf1df_6.0.26100.8521_none_3e08b75ce33403b3;C:\Program Files\Eclipse Adoptium\jdk-21.0.5.11-hotspot\bin\server

VM Arguments:
jvm_args: --add-modules=ALL-SYSTEM --add-opens=java.base/java.util=ALL-UNNAMED --add-opens=java.base/java.lang=ALL-UNNAMED --add-opens=java.base/sun.nio.fs=ALL-UNNAMED -Declipse.application=org.eclipse.jdt.ls.core.id1 -Dosgi.bundles.defaultStartLevel=4 -Declipse.product=org.eclipse.jdt.ls.core.product -Djava.import.generatesMetadataFilesAtProjectRoot=false -DDetectVMInstallationsJob.disabled=true -Dfile.encoding=utf8 -Xlog:disable -XX:+UseParallelGC -Xmx512m -Djava.net.preferIPv4Stack=true -javaagent:c:\Users\ELCOT\.vscode\extensions\redhat.java-1.55.0-win32-x64\lombok\lombok-1.18.39-4050.jar 
java_command: c:\Users\ELCOT\.vscode\extensions\redhat.java-1.55.0-win32-x64\server\plugins\org.eclipse.equinox.launcher_1.7.200.v20260619-2039.jar -configuration c:\Users\ELCOT\AppData\Roaming\Code\User\globalStorage\redhat.java\1.55.0\config_ss_win -data c:\Users\ELCOT\AppData\Roaming\Code\User\workspaceStorage\f02c9adc40307c361029f37c68615d85\redhat.java\ss_ws --pipe=\\.\pipe\lsp-bd108c4d48fc096ea2b14ce8ed58c4b4-sock
java_class_path (initial): c:\Users\ELCOT\.vscode\extensions\redhat.java-1.55.0-win32-x64\server\plugins\org.eclipse.equinox.launcher_1.7.200.v20260619-2039.jar
Launcher Type: SUN_STANDARD

[Global flags]
     intx CICompilerCount                          = 4                                         {product} {ergonomic}
   size_t InitialHeapSize                          = 121634816                                 {product} {ergonomic}
   size_t MaxHeapSize                              = 536870912                                 {product} {command line}
   size_t MaxNewSize                               = 178782208                                 {product} {ergonomic}
   size_t MinHeapDeltaBytes                        = 524288                                    {product} {ergonomic}
   size_t MinHeapSize                              = 8388608                                   {product} {ergonomic}
   size_t NewSize                                  = 40370176                                  {product} {ergonomic}
    uintx NonNMethodCodeHeapSize                   = 5839372                                {pd product} {ergonomic}
    uintx NonProfiledCodeHeapSize                  = 122909434                              {pd product} {ergonomic}
   size_t OldSize                                  = 81264640                                  {product} {ergonomic}
    uintx ProfiledCodeHeapSize                     = 122909434                              {pd product} {ergonomic}
    uintx ReservedCodeCacheSize                    = 251658240                              {pd product} {ergonomic}
     bool SegmentedCodeCache                       = true                                      {product} {ergonomic}
   size_t SoftMaxHeapSize                          = 536870912                              {manageable} {ergonomic}
     bool UseCompressedOops                        = true                           {product lp64_product} {ergonomic}
     bool UseLargePagesIndividualAllocation        = false                                  {pd product} {ergonomic}
     bool UseParallelGC                            = true                                      {product} {command line}

Logging:
Log output configuration:
 #0: stdout all=off uptime,level,tags foldmultilines=false
 #1: stderr all=off uptime,level,tags foldmultilines=false

Environment Variables:
JAVA_HOME=C:\Program Files\Eclipse Adoptium\jdk-21.0.5.11-hotspot
PATH=D:\Downloads\apache-maven-3.9.14-bin\apache-maven-3.9.14\bin;C:\Program Files\Eclipse Adaptium\jdk-21.0.5.11-hotspot\bin;C:\Program Files\Eclipse Adoptium\jdk-21.0.5.11-hotspot\bin;D:\Downloads\jdk-21\bin;C:\Program Files\Eclipse Adoptium\jdk-21.0.5.11-hotspot\bin;D:\Downloads\jdk-21\bin;C:\Program Files\Eclipse Adoptium\jdk-21.0.5.11-hotspot\bin;D:\Downloads\jdk-21\bin;%PATH%;C:\Users\ELCOT\AppData\Local\Programs\Python\Python313\Scripts\;C:\Users\ELCOT\AppData\Local\Programs\Python\Python313\;C:\Users\ELCOT\AppData\Local\Programs\Python\Launcher\;C:\Users\ELCOT\.local\bin;C:\Program Files\MySQL\MySQL Shell 8.0\bin\;C:\Users\ELCOT\AppData\Local\Microsoft\WindowsApps;C:\Users\ELCOT\AppData\Local\Programs\Microsoft VS Code\bin;C:\Users\ELCOT\AppData\Local\Programs\Python\Python313\Scripts\;C:\Users\ELCOT\AppData\Local\Programs\Python\Python313\;C:\Users\ELCOT\AppData\Local\Programs\Python\Launcher\;C:\Users\ELCOT\.local\bin;C:\Program Files\MySQL\MySQL Shell 8.0\bin\;C:\Users\ELCOT\AppData\Local\Microsoft\WindowsApps;C:\Users\ELCOT\AppData\Local\Programs\Microsoft VS Code\bin;C:\Program Files\Git\bin;C:\Program Files\Git\cmd;D:\Downloads\;C:\Users\ELCOT\AppData\Local\agy\bin;C:\Users\ELCOT\AppData\Local\Programs\Python\Python313\Scripts\;C:\Users\ELCOT\AppData\Local\Programs\Python\Python313\;C:\Users\ELCOT\AppData\Local\Programs\Python\Launcher\;C:\Users\ELCOT\.local\bin;C:\Program Files\MySQL\MySQL Shell 8.0\bin\;C:\Users\ELCOT\AppData\Local\Microsoft\WindowsApps;C:\Users\ELCOT\AppData\Local\Programs\Microsoft VS Code\bin;D:\Downloads\Antigravity IDE\bin;C:\Users\ELCOT\AppData\Roaming\npm
USERNAME=ELCOT
OS=Windows_NT
PROCESSOR_IDENTIFIER=AMD64 Family 23 Model 160 Stepping 0, AuthenticAMD
TMP=C:\Users\ELCOT\AppData\Local\Temp
TEMP=C:\Users\ELCOT\AppData\Local\Temp




Periodic native trim disabled

---------------  S Y S T E M  ---------------

OS:
 Windows 11 , 64 bit Build 26100 (10.0.26100.8521)
OS uptime: 0 days 0:35 hours
Hyper-V role detected

CPU: total 8 (initial active 8) (8 cores per cpu, 2 threads per core) family 23 model 160 stepping 0 microcode 0x8a0000b, cx8, cmov, fxsr, ht, mmx, 3dnowpref, sse, sse2, sse3, ssse3, sse4a, sse4.1, sse4.2, popcnt, lzcnt, tsc, tscinvbit, avx, avx2, aes, clmul, bmi1, bmi2, adx, sha, fma, vzeroupper, clflush, clflushopt, hv, rdtscp, rdpid, f16c
Processor Information for all 8 processors :
  Max Mhz: 2401, Current Mhz: 2401, Mhz Limit: 2401

Memory: 4k page, system-wide physical 7379M (759M free)
TotalPageFile size 15571M (AvailPageFile size 9M)
current process WorkingSet (physical memory assigned to process): 27M, peak: 27M
current process commit charge ("private bytes"): 167M, peak: 168M

vm_info: OpenJDK 64-Bit Server VM (21.0.5+11-LTS) for windows-amd64 JRE (21.0.5+11-LTS), built on 2024-10-15T00:00:00Z by "admin" with MS VC++ 17.7 (VS2022)

END.
